Component: ARM Compiler 5.06 update 3 (build 300) Tool: armlink [4d35c9]

==============================================================================

Section Cross References

    main.o(i._delay_ms) refers to softdelay.o(i._delay_us) for _delay_us
    main.o(i.dev_heartbeat) refers to inv_mpu.o(i.mpu_dmp_get_data) for mpu_dmp_get_data
    main.o(i.dev_heartbeat) refers to mpu6050.o(i.MPU_Get_Temperature) for MPU_Get_Temperature
    main.o(i.dev_heartbeat) refers to mpu6050.o(i.MPU_Get_Accelerometer) for MPU_Get_Accelerometer
    main.o(i.dev_heartbeat) refers to mpu6050.o(i.MPU_Get_Gyroscope) for MPU_Get_Gyroscope
    main.o(i.dev_heartbeat) refers to fflti.o(.text) for __aeabi_i2f
    main.o(i.dev_heartbeat) refers to f2d.o(.text) for __aeabi_f2d
    main.o(i.dev_heartbeat) refers to ddiv.o(.text) for __aeabi_ddiv
    main.o(i.dev_heartbeat) refers to d2f.o(.text) for __aeabi_d2f
    main.o(i.dev_heartbeat) refers to dflti.o(.text) for __aeabi_i2d
    main.o(i.dev_heartbeat) refers to atan2.o(i.atan2) for atan2
    main.o(i.dev_heartbeat) refers to dmul.o(.text) for __aeabi_dmul
    main.o(i.dev_heartbeat) refers to filters.o(i.Kalman_Filter) for Kalman_Filter
    main.o(i.dev_heartbeat) refers to battery.o(i.heartbeat_battery) for heartbeat_battery
    main.o(i.dev_heartbeat) refers to battery.o(i.get_electricitypercentage) for get_electricitypercentage
    main.o(i.dev_heartbeat) refers to beep.o(i.heartbeat_beep) for heartbeat_beep
    main.o(i.dev_heartbeat) refers to protocol.o(i.ReceiveData) for ReceiveData
    main.o(i.dev_heartbeat) refers to motor.o(i.speedctl_heartbeat) for speedctl_heartbeat
    main.o(i.dev_heartbeat) refers to motor.o(i.stalldetector_heartbeat) for stalldetector_heartbeat
    main.o(i.dev_heartbeat) refers to sonar.o(i.sonar_heartbeat) for sonar_heartbeat
    main.o(i.dev_heartbeat) refers to main.o(.data) for _MPU6050
    main.o(i.init_dev) refers to usart.o(i.usart3_init) for usart3_init
    main.o(i.init_dev) refers to led.o(i.drv_led_init) for drv_led_init
    main.o(i.init_dev) refers to battery.o(i.init_battery) for init_battery
    main.o(i.init_dev) refers to beep.o(i.init_beep) for init_beep
    main.o(i.init_dev) refers to motor.o(i.InitMotor) for InitMotor
    main.o(i.init_dev) refers to motor.o(i.stalldetector_init) for stalldetector_init
    main.o(i.init_dev) refers to sonar.o(i.sonar_init) for sonar_init
    main.o(i.init_dev) refers to mpu6050.o(i.MPU_Init) for MPU_Init
    main.o(i.init_dev) refers to inv_mpu.o(i.mpu_dmp_init) for mpu_dmp_init
    main.o(i.init_dev) refers to motor.o(i.set_walkingmotor_speed) for set_walkingmotor_speed
    main.o(i.init_dev) refers to main.o(.data) for _USART3
    main.o(i.loop) refers to battery.o(i.get_electricitypercentage) for get_electricitypercentage
    main.o(i.loop) refers to led.o(i.led_heartbeat) for led_heartbeat
    main.o(i.loop) refers to main.o(i.dev_heartbeat) for dev_heartbeat
    main.o(i.main) refers to main.o(i._delay_ms) for _delay_ms
    main.o(i.main) refers to hwconf.o(i.init_board) for init_board
    main.o(i.main) refers to main.o(i.init_dev) for init_dev
    main.o(i.main) refers to beep.o(i.play_poweron) for play_poweron
    main.o(i.main) refers to watchdog.o(i.enable_watchdog) for enable_watchdog
    main.o(i.main) refers to watchdog.o(i.mark_watchdog) for mark_watchdog
    main.o(i.main) refers to main.o(i.loop) for loop
    main.o(i.main) refers to watchdog.o(i.disable_watchdog) for disable_watchdog
    main.o(i.main) refers to led.o(i.drv_led_shutdown) for drv_led_shutdown
    main.o(i.main) refers to motor.o(i.set_walkingmotor_speed) for set_walkingmotor_speed
    main.o(i.main) refers to beep.o(i.on_abort_mode) for on_abort_mode
    main.o(i.pinMode) refers to stm32f10x_gpio.o(i.GPIO_Init) for GPIO_Init
    battery.o(i._delay_ms) refers to softdelay.o(i._delay_us) for _delay_us
    battery.o(i.get_electricity) refers to ffltui.o(.text) for __aeabi_ui2f
    battery.o(i.get_electricity) refers to f2d.o(.text) for __aeabi_f2d
    battery.o(i.get_electricity) refers to dmul.o(.text) for __aeabi_dmul
    battery.o(i.get_electricity) refers to dadd.o(.text) for __aeabi_dsub
    battery.o(i.get_electricity) refers to d2f.o(.text) for __aeabi_d2f
    battery.o(i.get_electricity) refers to hwconf.o(.data) for voltage
    battery.o(i.get_electricitypercentage) refers to battery.o(.data) for batteryElectricityPercentage
    battery.o(i.heartbeat_battery) refers to boarddrv.o(i.getms) for getms
    battery.o(i.heartbeat_battery) refers to battery.o(i.get_electricity) for get_electricity
    battery.o(i.heartbeat_battery) refers to ffixui.o(.text) for __aeabi_f2uiz
    battery.o(i.heartbeat_battery) refers to ffltui.o(.text) for __aeabi_ui2f
    battery.o(i.heartbeat_battery) refers to fmul.o(.text) for __aeabi_fmul
    battery.o(i.heartbeat_battery) refers to fdiv.o(.text) for __aeabi_fdiv
[...]
    atanlo                                   0x08009b10   Data          32  atan.o(.constdata)
    aTodd                                    0x08009b30   Data          40  atan.o(.constdata)
    aTeven                                   0x08009b58   Data          48  atan.o(.constdata)
    .constdata                               0x08009b88   Section        8  qnan.o(.constdata)
    .conststring                             0x08009b90   Section       77  inv_mpu.o(.conststring)
    .data                                    0x20000000   Section       48  main.o(.data)
    .data                                    0x20000030   Section        8  battery.o(.data)
    batteryFrequency                         0x20000030   Data           4  battery.o(.data)
    batteryElectricityPercentage             0x20000034   Data           4  battery.o(.data)
    .data                                    0x20000038   Section       48  beep.o(.data)
    _delay                                   0x20000038   Data           4  beep.o(.data)
    _startMs                                 0x2000003c   Data           4  beep.o(.data)
    _beeper_ticks                            0x20000040   Data           4  beep.o(.data)
    _beeper_status                           0x20000044   Data           1  beep.o(.data)
    HighFrequency                            0x20000048   Data          32  beep.o(.data)
    .data                                    0x20000068   Section       12  boarddrv.o(.data)
    alert_flg                                0x20000068   Data           1  boarddrv.o(.data)
    _abort_proc                              0x2000006c   Data           4  boarddrv.o(.data)
    _systick_val                             0x20000070   Data           4  boarddrv.o(.data)
    .data                                    0x20000074   Section       17  led.o(.data)
    led_r                                    0x20000074   Data           4  led.o(.data)
    led_g                                    0x20000078   Data           4  led.o(.data)
    led_b                                    0x2000007c   Data           4  led.o(.data)
    _led_ticks                               0x20000080   Data           4  led.o(.data)
    _led_status                              0x20000084   Data           1  led.o(.data)
    .data                                    0x20000088   Section      124  motor.o(.data)
    _motorDeltaTicks                         0x20000088   Data           8  motor.o(.data)
    _motorDistAccumulated                    0x20000090   Data           8  motor.o(.data)
    _motorDistTailing                        0x20000098   Data           8  motor.o(.data)
    _encoderTicksDelta                       0x200000a0   Data           8  motor.o(.data)
    _lastEncoderTicksDelta                   0x200000a8   Data           8  motor.o(.data)
    _lastOdometerSpeedAbs                    0x200000b0   Data           8  motor.o(.data)
    _motorCtrlStates                         0x200000b8   Data           2  motor.o(.data)
    _motorSpeedMm                            0x200000bc   Data           8  motor.o(.data)
    speedLastErr                             0x200000c4   Data           8  motor.o(.data)
    speedErri                                0x200000cc   Data           8  motor.o(.data)
    speed_PWMOUT                             0x200000d4   Data           8  motor.o(.data)
    _stallFilterBlindModeTS                  0x200000dc   Data           8  motor.o(.data)
    _stallBitmap                             0x200000e4   Data           1  motor.o(.data)
    _stallDetectorTS                         0x200000e8   Data           4  motor.o(.data)
    _stallDetectorFilter                     0x200000ec   Data           8  motor.o(.data)
    speedctl_frequency                       0x20000100   Data           4  motor.o(.data)
    .data                                    0x20000104   Section        4  softdelay.o(.data)
    .data                                    0x20000108   Section       11  usart.o(.data)
    .data                                    0x20000113   Section        7  exti.o(.data)
    g_irq_flag                               0x20000113   Data           7  exti.o(.data)
    .data                                    0x2000011a   Section        1  sonar.o(.data)
    g_sonar_ch                               0x2000011a   Data           1  sonar.o(.data)
    .data                                    0x2000011c   Section       70  protocol.o(.data)
    .data                                    0x20000164   Section       53  inv_mpu.o(.data)
    st                                       0x20000164   Data          44  inv_mpu.o(.data)
    gyro_orientation                         0x20000190   Data           9  inv_mpu.o(.data)
    .data                                    0x2000019c   Section       80  filters.o(.data)
    .data                                    0x200001ec   Section        4  hwconf.o(.data)
    .data                                    0x200001f0   Section       20  stm32f10x_rcc.o(.data)
    APBAHBPrescTable                         0x200001f0   Data          16  stm32f10x_rcc.o(.data)
    ADCPrescTable                            0x20000200   Data           4  stm32f10x_rcc.o(.data)
    .data                                    0x20000204   Section        4  stdout.o(.data)
    .data                                    0x20000208   Section        4  errno.o(.data)
    _errno                                   0x20000208   Data           4  errno.o(.data)
    .bss                                     0x2000020c   Section      800  usart.o(.bss)
    .bss                                     0x2000052c   Section       64  exti.o(.bss)
    g_exti_cb                                0x2000052c   Data          64  exti.o(.bss)
    .bss                                     0x2000056c   Section       80  sonar.o(.bss)
    g_sonar                                  0x2000056c   Data          80  sonar.o(.bss)
    .bss                                     0x200005bc   Section       12  protocol.o(.bss)
    .bss                                     0x200005c8   Section       16  inv_mpu_dmp_motion_driver.o(.bss)
    dmp                                      0x200005c8   Data          16  inv_mpu_dmp_motion_driver.o(.bss)
    .bss                                     0x200005d8   Section       16  filters.o(.bss)
    STACK                                    0x200005e8   Section     1024  startup_stm32f10x_hd.o(STACK)

    Global Symbols

    Symbol Name                              Value     Ov Type        Size  Object(Section)

    BuildAttributes$$THM_ISAv4$P$D$K$B$S$PE$A:L22UL41UL21$X:L11$S22US41US21$IEEE1$IW$USESV6$~STKCKD$USESV7$~SHL$OTIME$ROPI$IEEEX$EBA8$MICROLIB$REQ8$PRES8$EABIv2 0x00000000   Number         0  anon$$obj.o ABSOLUTE
    __ARM_use_no_argv                        0x00000000   Number         0  main.o ABSOLUTE
    _printf_a                                0x00000000   Number         0  stubs.o ABSOLUTE
    _printf_c                                0x00000000   Number         0  stubs.o ABSOLUTE
    _printf_charcount                        0x00000000   Number         0  stubs.o ABSOLUTE
    _printf_d                                0x00000000   Number         0  stubs.o ABSOLUTE
    _printf_e                                0x00000000   Number         0  stubs.o ABSOLUTE
    _printf_f                                0x00000000   Number         0  stubs.o ABSOLUTE
    _printf_flags                            0x00000000   Number         0  stubs.o ABSOLUTE
    _printf_fp_dec                           0x00000000   Number         0  stubs.o ABSOLUTE
    _printf_fp_hex                           0x00000000   Number         0  stubs.o ABSOLUTE
    _printf_g                                0x00000000   Number         0  stubs.o ABSOLUTE
    _printf_i                                0x00000000   Number         0  stubs.o ABSOLUTE
    _printf_int_dec                          0x00000000   Number         0  stubs.o ABSOLUTE
    _printf_l                                0x00000000   Number         0  stubs.o ABSOLUTE
    _printf_lc                               0x00000000   Number         0  stubs.o ABSOLUTE
    _printf_ll                               0x00000000   Number         0  stubs.o ABSOLUTE
    _printf_lld                              0x00000000   Number         0  stubs.o ABSOLUTE
    _printf_lli                              0x00000000   Number         0  stubs.o ABSOLUTE
    _printf_llo                              0x00000000   Number         0  stubs.o ABSOLUTE
    _printf_llu                              0x00000000   Number         0  stubs.o ABSOLUTE
    _printf_llx                              0x00000000   Number         0  stubs.o ABSOLUTE
    _printf_longlong_dec                     0x00000000   Number         0  stubs.o ABSOLUTE
    _printf_longlong_hex                     0x00000000   Number         0  stubs.o ABSOLUTE
    _printf_longlong_oct                     0x00000000   Number         0  stubs.o ABSOLUTE
    _printf_ls                               0x00000000   Number         0  stubs.o ABSOLUTE
    _printf_mbtowc                           0x00000000   Number         0  stubs.o ABSOLUTE
    _printf_n                                0x00000000   Number         0  stubs.o ABSOLUTE
    _printf_o                                0x00000000   Number         0  stubs.o ABSOLUTE
    _printf_p                                0x00000000   Number         0  stubs.o ABSOLUTE
    _printf_percent                          0x00000000   Number         0  stubs.o ABSOLUTE
    _printf_pre_padding                      0x00000000   Number         0  stubs.o ABSOLUTE
    _printf_return_value                     0x00000000   Number         0  stubs.o ABSOLUTE
    _printf_s                                0x00000000   Number         0  stubs.o ABSOLUTE
    _printf_sizespec                         0x00000000   Number         0  stubs.o ABSOLUTE
    _printf_str                              0x00000000   Number         0  stubs.o ABSOLUTE
    _printf_truncate_signed                  0x00000000   Number         0  stubs.o ABSOLUTE
    _printf_truncate_unsigned                0x00000000   Number         0  stubs.o ABSOLUTE
    _printf_u                                0x00000000   Number         0  stubs.o ABSOLUTE
    _printf_wc                               0x00000000   Number         0  stubs.o ABSOLUTE
    _printf_wctomb                           0x00000000   Number         0  stubs.o ABSOLUTE
    _printf_widthprec                        0x00000000   Number         0  stubs.o ABSOLUTE
    _printf_x                                0x00000000   Number         0  stubs.o ABSOLUTE
    __cpp_initialize__aeabi_                  - Undefined Weak Reference
    __cxa_finalize                            - Undefined Weak Reference
    _clock_init                               - Undefined Weak Reference
    _microlib_exit                            - Undefined Weak Reference
    __Vectors_Size                           0x00000130   Number         0  startup_stm32f10x_hd.o ABSOLUTE
    __Vectors                                0x08000000   Data           4  startup_stm32f10x_hd.o(RESET)
    __Vectors_End                            0x08000130   Data           0  startup_stm32f10x_hd.o(RESET)
    __main                                   0x08000131   Thumb Code     0  entry.o(.ARM.Collect$$$$00000000)
    _main_stk                                0x08000131   Thumb Code     0  entry2.o(.ARM.Collect$$$$00000001)
    _main_scatterload                        0x08000135   Thumb Code     0  entry5.o(.ARM.Collect$$$$00000004)
    __main_after_scatterload                 0x08000139   Thumb Code     0  entry5.o(.ARM.Collect$$$$00000004)
    _main_clock                              0x08000139   Thumb Code     0  entry7b.o(.ARM.Collect$$$$00000008)
    _main_cpp_init                           0x08000139   Thumb Code     0  entry8b.o(.ARM.Collect$$$$0000000A)
    _main_init                               0x08000139   Thumb Code     0  entry9a.o(.ARM.Collect$$$$0000000B)
    __rt_final_cpp                           0x08000141   Thumb Code     0  entry10a.o(.ARM.Collect$$$$0000000D)
    __rt_final_exit                          0x08000141   Thumb Code     0  entry11a.o(.ARM.Collect$$$$0000000F)
    Reset_Handler                            0x08000145   Thumb Code     8  startup_stm32f10x_hd.o(.text)
    ADC1_2_IRQHandler                        0x0800015f   Thumb Code     0  startup_stm32f10x_hd.o(.text)
    ADC3_IRQHandler                          0x0800015f   Thumb Code     0  startup_stm32f10x_hd.o(.text)
    CAN1_RX1_IRQHandler                      0x0800015f   Thumb Code     0  startup_stm32f10x_hd.o(.text)
    CAN1_SCE_IRQHandler                      0x0800015f   Thumb Code     0  startup_stm32f10x_hd.o(.text)
    DMA1_Channel1_IRQHandler                 0x0800015f   Thumb Code     0  startup_stm32f10x_hd.o(.text)
    DMA1_Channel2_IRQHandler                 0x0800015f   Thumb Code     0  startup_stm32f10x_hd.o(.text)
    DMA1_Channel3_IRQHandler                 0x0800015f   Thumb Code     0  startup_stm32f10x_hd.o(.text)
    DMA1_Channel4_IRQHandler                 0x0800015f   Thumb Code     0  startup_stm32f10x_hd.o(.text)
    DMA1_Channel5_IRQHandler                 0x0800015f   Thumb Code     0  startup_stm32f10x_hd.o(.text)
    DMA1_Channel6_IRQHandler                 0x0800015f   Thumb Code     0  startup_stm32f10x_hd.o(.text)
    DMA1_Channel7_IRQHandler                 0x0800015f   Thumb Code     0  startup_stm32f10x_hd.o(.text)
    DMA2_Channel1_IRQHandler                 0x0800015f   Thumb Code     0  startup_stm32f10x_hd.o(.text)
    DMA2_Channel2_IRQHandler                 0x0800015f   Thumb Code     0  startup_stm32f10x_hd.o(.text)
    DMA2_Channel3_IRQHandler                 0x0800015f   Thumb Code     0  startup_stm32f10x_hd.o(.text)
    DMA2_Channel4_5_IRQHandler               0x0800015f   Thumb Code     0  startup_stm32f10x_hd.o(.text)
    FLASH_IRQHandler                         0x0800015f   Thumb Code     0  startup_stm32f10x_hd.o(.text)
    FSMC_IRQHandler                          0x0800015f   Thumb Code     0  startup_stm32f10x_hd.o(.text)
    I2C1_ER_IRQHandler                       0x0800015f   Thumb Code     0  startup_stm32f10x_hd.o(.text)
    I2C1_EV_IRQHandler                       0x0800015f   Thumb Code     0  startup_stm32f10x_hd.o(.text)
    I2C2_ER_IRQHandler                       0x0800015f   Thumb Code     0  startup_stm32f10x_hd.o(.text)
    I2C2_EV_IRQHandler                       0x0800015f   Thumb Code     0  startup_stm32f10x_hd.o(.text)
    PVD_IRQHandler                           0x0800015f   Thumb Code     0  startup_stm32f10x_hd.o(.text)
    RCC_IRQHandler                           0x0800015f   Thumb Code     0  startup_stm32f10x_hd.o(.text)
    RTCAlarm_IRQHandler                      0x0800015f   Thumb Code     0  startup_stm32f10x_hd.o(.text)
    RTC_IRQHandler                           0x0800015f   Thumb Code     0  startup_stm32f10x_hd.o(.text)
    SDIO_IRQHandler                          0x0800015f   Thumb Code     0  startup_stm32f10x_hd.o(.text)
    SPI1_IRQHandler                          0x0800015f   Thumb Code     0  startup_stm32f10x_hd.o(.text)
    SPI2_IRQHandler                          0x0800015f   Thumb Code     0  startup_stm32f10x_hd.o(.text)
    SPI3_IRQHandler                          0x0800015f   Thumb Code     0  startup_stm32f10x_hd.o(.text)
    TAMPER_IRQHandler                        0x0800015f   Thumb Code     0  startup_stm32f10x_hd.o(.text)
    TIM1_BRK_IRQHandler                      0x0800015f   Thumb Code     0  startup_stm32f10x_hd.o(.text)
    TIM1_CC_IRQHandler                       0x0800015f   Thumb Code     0  startup_stm32f10x_hd.o(.text)
    TIM1_TRG_COM_IRQHandler                  0x0800015f   Thumb Code     0  startup_stm32f10x_hd.o(.text)
    TIM1_UP_IRQHandler                       0x0800015f   Thumb Code     0  startup_stm32f10x_hd.o(.text)
    TIM2_IRQHandler                          0x0800015f   Thumb Code     0  startup_stm32f10x_hd.o(.text)
    TIM3_IRQHandler                          0x0800015f   Thumb Code     0  startup_stm32f10x_hd.o(.text)
    TIM4_IRQHandler                          0x0800015f   Thumb Code     0  startup_stm32f10x_hd.o(.text)
    TIM5_IRQHandler                          0x0800015f   Thumb Code     0  startup_stm32f10x_hd.o(.text)
    TIM6_IRQHandler                          0x0800015f   Thumb Code     0  startup_stm32f10x_hd.o(.text)
    TIM7_IRQHandler                          0x0800015f   Thumb Code     0  startup_stm32f10x_hd.o(.text)
    TIM8_BRK_IRQHandler                      0x0800015f   Thumb Code     0  startup_stm32f10x_hd.o(.text)
    TIM8_CC_IRQHandler                       0x0800015f   Thumb Code     0  startup_stm32f10x_hd.o(.text)
    TIM8_TRG_COM_IRQHandler                  0x0800015f   Thumb Code     0  startup_stm32f10x_hd.o(.text)
    TIM8_UP_IRQHandler                       0x0800015f   Thumb Code     0  startup_stm32f10x_hd.o(.text)
    UART5_IRQHandler                         0x0800015f   Thumb Code     0  startup_stm32f10x_hd.o(.text)
    USART1_IRQHandler                        0x0800015f   Thumb Code     0  startup_stm32f10x_hd.o(.text)
    USBWakeUp_IRQHandler                     0x0800015f   Thumb Code     0  startup_stm32f10x_hd.o(.text)
    USB_HP_CAN1_TX_IRQHandler                0x0800015f   Thumb Code     0  startup_stm32f10x_hd.o(.text)
    USB_LP_CAN1_RX0_IRQHandler               0x0800015f   Thumb Code     0  startup_stm32f10x_hd.o(.text)
    WWDG_IRQHandler                          0x0800015f   Thumb Code     0  startup_stm32f10x_hd.o(.text)
    __aeabi_uldivmod                         0x08000169   Thumb Code    98  uldiv.o(.text)
    __aeabi_ldivmod                          0x080001cb   Thumb Code    98  ldiv.o(.text)
    __aeabi_memset                           0x0800022d   Thumb Code    14  memseta.o(.text)
    __aeabi_memset4                          0x0800022d   Thumb Code     0  memseta.o(.text)
    __aeabi_memset8                          0x0800022d   Thumb Code     0  memseta.o(.text)
    __aeabi_memclr                           0x0800023b   Thumb Code     4  memseta.o(.text)
    __aeabi_memclr4                          0x0800023b   Thumb Code     0  memseta.o(.text)
    __aeabi_memclr8                          0x0800023b   Thumb Code     0  memseta.o(.text)
    _memset$wrapper                          0x0800023f   Thumb Code    18  memseta.o(.text)
    memcmp                                   0x08000251   Thumb Code    26  memcmp.o(.text)
    __aeabi_fadd                             0x0800026b   Thumb Code   164  fadd.o(.text)
    __aeabi_fsub                             0x0800030f   Thumb Code     6  fadd.o(.text)
    __aeabi_frsub                            0x08000315   Thumb Code     6  fadd.o(.text)
    __aeabi_fmul                             0x0800031b   Thumb Code   100  fmul.o(.text)
    __aeabi_fdiv                             0x0800037f   Thumb Code   124  fdiv.o(.text)
    __aeabi_dadd                             0x080003fb   Thumb Code   322  dadd.o(.text)
    __aeabi_dsub                             0x0800053d   Thumb Code     6  dadd.o(.text)
    __aeabi_drsub                            0x08000543   Thumb Code     6  dadd.o(.text)
    __aeabi_dmul                             0x08000549   Thumb Code   228  dmul.o(.text)
    __aeabi_ddiv                             0x0800062d   Thumb Code   222  ddiv.o(.text)
    __aeabi_i2f                              0x0800070b   Thumb Code    18  fflti.o(.text)
    __aeabi_ui2f                             0x0800071d   Thumb Code    10  ffltui.o(.text)
    __aeabi_i2d                              0x08000727   Thumb Code    34  dflti.o(.text)
    __aeabi_ui2d                             0x08000749   Thumb Code    26  dfltui.o(.text)
    __aeabi_f2iz                             0x08000763   Thumb Code    50  ffixi.o(.text)
    __aeabi_f2uiz                            0x08000795   Thumb Code    40  ffixui.o(.text)
    __aeabi_f2d                              0x080007bd   Thumb Code    38  f2d.o(.text)
    __aeabi_d2f                              0x080007e3   Thumb Code    56  d2f.o(.text)
    __aeabi_cfcmpeq                          0x0800081d   Thumb Code     0  cfcmple.o(.text)
    __aeabi_cfcmple                          0x0800081d   Thumb Code    20  cfcmple.o(.text)
    __aeabi_cfrcmple                         0x08000831   Thumb Code    20  cfrcmple.o(.text)
    __aeabi_llsl                             0x08000845   Thumb Code    30  llshl.o(.text)
    _ll_shift_l                              0x08000845   Thumb Code     0  llshl.o(.text)
    __aeabi_llsr                             0x08000863   Thumb Code    32  llushr.o(.text)
    _ll_ushift_r                             0x08000863   Thumb Code     0  llushr.o(.text)
    __aeabi_lasr                             0x08000883   Thumb Code    36  llsshr.o(.text)
    _ll_sshift_r                             0x08000883   Thumb Code     0  llsshr.o(.text)
    __I$use$fp                               0x080008a7   Thumb Code     0  iusefp.o(.text)
    _float_round                             0x080008a7   Thumb Code    18  fepilogue.o(.text)
    _float_epilogue                          0x080008b9   Thumb Code    92  fepilogue.o(.text)
    _double_round                            0x08000915   Thumb Code    30  depilogue.o(.text)
    _double_epilogue                         0x08000933   Thumb Code   156  depilogue.o(.text)
    __ARM_scalbn                             0x080009cf   Thumb Code    46  dscalb.o(.text)
    scalbn                                   0x080009cf   Thumb Code     0  dscalb.o(.text)
    __scatterload                            0x080009fd   Thumb Code    28  init.o(.text)
    __scatterload_rt2                        0x080009fd   Thumb Code     0  init.o(.text)
    __I$use$semihosting$fputc                0x08000a21   Thumb Code     0  iusesemip.o(.text)
    __semihosting_library_function           0x08000a21   Thumb Code     0  semi.o(.text)
    _dsqrt                                   0x08000a21   Thumb Code   162  dsqrt.o(.text)
    __decompress                             0x08000ac3   Thumb Code     0  __dczerorl.o(.text)
    __decompress0                            0x08000ac3   Thumb Code    58  __dczerorl.o(.text)
    ADC_Cmd                                  0x08000afd   Thumb Code    22  stm32f10x_adc.o(i.ADC_Cmd)
    ADC_DMACmd                               0x08000bed   Thumb Code    22  stm32f10x_adc.o(i.ADC_DMACmd)
    ADC_GetCalibrationStatus                 0x08000c03   Thumb Code    20  stm32f10x_adc.o(i.ADC_GetCalibrationStatus)
    ADC_GetResetCalibrationStatus            0x08000c17   Thumb Code    20  stm32f10x_adc.o(i.ADC_GetResetCalibrationStatus)
    ADC_Init                                 0x08000c2d   Thumb Code    70  stm32f10x_adc.o(i.ADC_Init)
    ADC_RegularChannelConfig                 0x08000c7d   Thumb Code   184  stm32f10x_adc.o(i.ADC_RegularChannelConfig)
    ADC_ResetCalibration                     0x08000d35   Thumb Code    10  stm32f10x_adc.o(i.ADC_ResetCalibration)
    ADC_SoftwareStartConvCmd                 0x08000d3f   Thumb Code    22  stm32f10x_adc.o(i.ADC_SoftwareStartConvCmd)
    ADC_StartCalibration                     0x08000d55   Thumb Code    10  stm32f10x_adc.o(i.ADC_StartCalibration)
    BusFault_Handler                         0x08000d5f   Thumb Code     4  stm32f10x_it.o(i.BusFault_Handler)
    DMA_ClearFlag                            0x08000d65   Thumb Code    18  stm32f10x_dma.o(i.DMA_ClearFlag)
    DMA_Cmd                                  0x08000d81   Thumb Code    24  stm32f10x_dma.o(i.DMA_Cmd)
    DMA_DeInit                               0x08000d99   Thumb Code   324  stm32f10x_dma.o(i.DMA_DeInit)
    DMA_Enable                               0x08000ee5   Thumb Code    30  usart.o(i.DMA_Enable)
    DMA_GetFlagStatus                        0x08000f05   Thumb Code    36  stm32f10x_dma.o(i.DMA_GetFlagStatus)
    DMA_Init                                 0x08000f31   Thumb Code    60  stm32f10x_dma.o(i.DMA_Init)
    DMA_SetCurrDataCounter                   0x08000f6d   Thumb Code     4  stm32f10x_dma.o(i.DMA_SetCurrDataCounter)
    DebugMon_Handler                         0x08000f71   Thumb Code     2  stm32f10x_it.o(i.DebugMon_Handler)
    EXTI0_IRQHandler                         0x08000f75   Thumb Code    32  exti.o(i.EXTI0_IRQHandler)
    EXTI15_10_IRQHandler                     0x08000f9d   Thumb Code    64  exti.o(i.EXTI15_10_IRQHandler)
    EXTI1_IRQHandler                         0x08000fe5   Thumb Code    32  exti.o(i.EXTI1_IRQHandler)
    EXTI2_IRQHandler                         0x0800100d   Thumb Code    32  exti.o(i.EXTI2_IRQHandler)
    EXTI3_IRQHandler                         0x08001035   Thumb Code    32  exti.o(i.EXTI3_IRQHandler)
    EXTI4_IRQHandler                         0x0800105d   Thumb Code    32  exti.o(i.EXTI4_IRQHandler)
    EXTI9_5_IRQHandler                       0x08001085   Thumb Code    54  exti.o(i.EXTI9_5_IRQHandler)
    EXTI_ClearITPendingBit                   0x080010c5   Thumb Code     6  stm32f10x_exti.o(i.EXTI_ClearITPendingBit)
    EXTI_Init                                0x080010d1   Thumb Code   142  stm32f10x_exti.o(i.EXTI_Init)
    GPIO_EXTILineConfig                      0x08001165   Thumb Code    60  stm32f10x_gpio.o(i.GPIO_EXTILineConfig)
    GPIO_Init                                0x080011a5   Thumb Code   278  stm32f10x_gpio.o(i.GPIO_Init)
    GPIO_PinRemapConfig                      0x080012bd   Thumb Code   138  stm32f10x_gpio.o(i.GPIO_PinRemapConfig)
    GPIO_ReadInputDataBit                    0x080013bd   Thumb Code    18  stm32f10x_gpio.o(i.GPIO_ReadInputDataBit)
    GPIO_ResetBits                           0x080013cf   Thumb Code     4  stm32f10x_gpio.o(i.GPIO_ResetBits)
    GPIO_SetBits                             0x080013d3   Thumb Code     4  stm32f10x_gpio.o(i.GPIO_SetBits)
    GetChipID                                0x080013d9   Thumb Code    60  protocol.o(i.GetChipID)
    Get_Crc8                                 0x0800141d   Thumb Code    56  crc.o(i.Get_Crc8)
    HardFault_Handler                        0x08001455   Thumb Code     4  stm32f10x_it.o(i.HardFault_Handler)
    InitMotor                                0x08001459   Thumb Code   102  motor.o(i.InitMotor)
    InitPWM                                  0x080014c5   Thumb Code   198  motor.o(i.InitPWM)
    Kalman_Filter                            0x080015a1   Thumb Code   558  filters.o(i.Kalman_Filter)
    MPU_Get_Accelerometer                    0x08001819   Thumb Code    80  mpu6050.o(i.MPU_Get_Accelerometer)
    MPU_Get_Gyroscope                        0x08001869   Thumb Code    80  mpu6050.o(i.MPU_Get_Gyroscope)
    MPU_Get_Temperature                      0x080018b9   Thumb Code    86  mpu6050.o(i.MPU_Get_Temperature)
    MPU_IIC_Ack                              0x08001921   Thumb Code    62  mpuiic.o(i.MPU_IIC_Ack)
    MPU_IIC_Delay                            0x0800196d   Thumb Code    10  mpuiic.o(i.MPU_IIC_Delay)
    MPU_IIC_Init                             0x08001979   Thumb Code    54  mpuiic.o(i.MPU_IIC_Init)
    MPU_IIC_NAck                             0x080019b5   Thumb Code    62  mpuiic.o(i.MPU_IIC_NAck)
    MPU_IIC_Read_Byte                        0x08001a01   Thumb Code    94  mpuiic.o(i.MPU_IIC_Read_Byte)
    MPU_IIC_Send_Byte                        0x08001a6d   Thumb Code    80  mpuiic.o(i.MPU_IIC_Send_Byte)
    MPU_IIC_Start                            0x08001ac9   Thumb Code    60  mpuiic.o(i.MPU_IIC_Start)
    MPU_IIC_Stop                             0x08001b11   Thumb Code    58  mpuiic.o(i.MPU_IIC_Stop)
    MPU_IIC_Wait_Ack                         0x08001b59   Thumb Code    86  mpuiic.o(i.MPU_IIC_Wait_Ack)
    MPU_Init                                 0x08001bbd   Thumb Code   122  mpu6050.o(i.MPU_Init)
    MPU_Read_Byte                            0x08001c37   Thumb Code    58  mpu6050.o(i.MPU_Read_Byte)
    MPU_Read_Len                             0x08001c71   Thumb Code   116  mpu6050.o(i.MPU_Read_Len)
    MPU_Set_Accel_Fsr                        0x08001ce5   Thumb Code    16  mpu6050.o(i.MPU_Set_Accel_Fsr)
    MPU_Set_Gyro_Fsr                         0x08001cf5   Thumb Code    16  mpu6050.o(i.MPU_Set_Gyro_Fsr)
    MPU_Set_LPF                              0x08001d05   Thumb Code    58  mpu6050.o(i.MPU_Set_LPF)
    MPU_Set_Rate                             0x08001d3f   Thumb Code    58  mpu6050.o(i.MPU_Set_Rate)
    MPU_Write_Byte                           0x08001d79   Thumb Code    68  mpu6050.o(i.MPU_Write_Byte)
    MPU_Write_Len                            0x08001dbd   Thumb Code    96  mpu6050.o(i.MPU_Write_Len)
    MemManage_Handler                        0x08001e1d   Thumb Code     4  stm32f10x_it.o(i.MemManage_Handler)
    NMI_Handler                              0x08001e21   Thumb Code     2  stm32f10x_it.o(i.NMI_Handler)
    NVIC_Init                                0x08001ea5   Thumb Code   100  misc.o(i.NVIC_Init)
    NVIC_PriorityGroupConfig                 0x08001f15   Thumb Code    10  misc.o(i.NVIC_PriorityGroupConfig)
    PendSV_Handler                           0x08001f29   Thumb Code     2  stm32f10x_it.o(i.PendSV_Handler)
    RCC_ADCCLKConfig                         0x08001f2d   Thumb Code    18  stm32f10x_rcc.o(i.RCC_ADCCLKConfig)
    RCC_AHBPeriphClockCmd                    0x08001f45   Thumb Code    26  stm32f10x_rcc.o(i.RCC_AHBPeriphClockCmd)
    RCC_APB1PeriphClockCmd                   0x08001f65   Thumb Code    26  stm32f10x_rcc.o(i.RCC_APB1PeriphClockCmd)
    RCC_APB2PeriphClockCmd                   0x08001f85   Thumb Code    26  stm32f10x_rcc.o(i.RCC_APB2PeriphClockCmd)
    RCC_ClearFlag                            0x08001fa5   Thumb Code    14  stm32f10x_rcc.o(i.RCC_ClearFlag)
    RCC_GetClocksFreq                        0x08001fe5   Thumb Code   192  stm32f10x_rcc.o(i.RCC_GetClocksFreq)
    ReceiveData                              0x080020b9   Thumb Code  1264  protocol.o(i.ReceiveData)
    SVC_Handler                              0x0800260d   Thumb Code     2  stm32f10x_it.o(i.SVC_Handler)
    SendData                                 0x08002611   Thumb Code  1178  protocol.o(i.SendData)
    SysTick_Handler                          0x08002ba5   Thumb Code    12  boarddrv.o(i.SysTick_Handler)
    SystemInit                               0x08002bb5   Thumb Code    78  system_stm32f10x.o(i.SystemInit)
    TIM_ARRPreloadConfig                     0x08002c15   Thumb Code    24  stm32f10x_tim.o(i.TIM_ARRPreloadConfig)
    TIM_Cmd                                  0x08002c2d   Thumb Code    24  stm32f10x_tim.o(i.TIM_Cmd)
    TIM_CtrlPWMOutputs                       0x08002c45   Thumb Code    30  stm32f10x_tim.o(i.TIM_CtrlPWMOutputs)
    TIM_GetCounter                           0x08002c63   Thumb Code     6  stm32f10x_tim.o(i.TIM_GetCounter)
    TIM_OC1Init                              0x08002c69   Thumb Code   132  stm32f10x_tim.o(i.TIM_OC1Init)
    TIM_OC1PreloadConfig                     0x08002d01   Thumb Code    18  stm32f10x_tim.o(i.TIM_OC1PreloadConfig)
    TIM_OC3Init                              0x08002d15   Thumb Code   150  stm32f10x_tim.o(i.TIM_OC3Init)
    TIM_OC3PreloadConfig                     0x08002db5   Thumb Code    18  stm32f10x_tim.o(i.TIM_OC3PreloadConfig)
    TIM_OC4Init                              0x08002dc9   Thumb Code   114  stm32f10x_tim.o(i.TIM_OC4Init)
    TIM_OC4PreloadConfig                     0x08002e45   Thumb Code    26  stm32f10x_tim.o(i.TIM_OC4PreloadConfig)
    TIM_SetCounter                           0x08002e5f   Thumb Code     4  stm32f10x_tim.o(i.TIM_SetCounter)
    TIM_TimeBaseInit                         0x08002e65   Thumb Code   122  stm32f10x_tim.o(i.TIM_TimeBaseInit)
    UART4_IRQHandler                         0x08002f09   Thumb Code   110  usart.o(i.UART4_IRQHandler)
    USART2_IRQHandler                        0x08002f8d   Thumb Code   108  usart.o(i.USART2_IRQHandler)
    USART3_IRQHandler                        0x08003009   Thumb Code    44  usart.o(i.USART3_IRQHandler)
    USART_ClearFlag                          0x08003041   Thumb Code    18  stm32f10x_usart.o(i.USART_ClearFlag)
    USART_ClearITPendingBit                  0x08003053   Thumb Code    30  stm32f10x_usart.o(i.USART_ClearITPendingBit)
    USART_Cmd                                0x08003071   Thumb Code    24  stm32f10x_usart.o(i.USART_Cmd)
    USART_DMACmd                             0x08003089   Thumb Code    18  stm32f10x_usart.o(i.USART_DMACmd)
    USART_GetFlagStatus                      0x0800309b   Thumb Code    26  stm32f10x_usart.o(i.USART_GetFlagStatus)
    USART_GetITStatus                        0x080030b5   Thumb Code    84  stm32f10x_usart.o(i.USART_GetITStatus)
    USART_ITConfig                           0x08003109   Thumb Code    74  stm32f10x_usart.o(i.USART_ITConfig)
    USART_Init                               0x08003155   Thumb Code   210  stm32f10x_usart.o(i.USART_Init)
    USART_ReceiveData                        0x0800322d   Thumb Code    10  stm32f10x_usart.o(i.USART_ReceiveData)
    UsageFault_Handler                       0x08003237   Thumb Code     4  stm32f10x_it.o(i.UsageFault_Handler)
    WWDG_Enable                              0x0800323d   Thumb Code    10  stm32f10x_wwdg.o(i.WWDG_Enable)
    WWDG_SetCounter                          0x0800324d   Thumb Code    10  stm32f10x_wwdg.o(i.WWDG_SetCounter)
    WWDG_SetPrescaler                        0x0800325d   Thumb Code    18  stm32f10x_wwdg.o(i.WWDG_SetPrescaler)
    WWDG_SetWindowValue                      0x08003275   Thumb Code    34  stm32f10x_wwdg.o(i.WWDG_SetWindowValue)
    __0printf$8                              0x0800329d   Thumb Code    22  printf8.o(i.__0printf$8)
    __1printf$8                              0x0800329d   Thumb Code     0  printf8.o(i.__0printf$8)
    __2printf                                0x0800329d   Thumb Code     0  printf8.o(i.__0printf$8)
    __ARM_fpclassify                         0x080032bd   Thumb Code    40  fpclassify.o(i.__ARM_fpclassify)
    __kernel_poly                            0x080032e5   Thumb Code   170  poly.o(i.__kernel_poly)
    __mathlib_dbl_infnan                     0x0800338f   Thumb Code     6  dunder.o(i.__mathlib_dbl_infnan)
    __mathlib_dbl_infnan2                    0x08003395   Thumb Code     4  dunder.o(i.__mathlib_dbl_infnan2)
    __mathlib_dbl_invalid                    0x08003399   Thumb Code    12  dunder.o(i.__mathlib_dbl_invalid)
    __mathlib_dbl_underflow                  0x080033a5   Thumb Code    10  dunder.o(i.__mathlib_dbl_underflow)
    __scatterload_copy                       0x080033b5   Thumb Code    14  handlers.o(i.__scatterload_copy)
    __scatterload_null                       0x080033c3   Thumb Code     2  handlers.o(i.__scatterload_null)
    __scatterload_zeroinit                   0x080033c5   Thumb Code    14  handlers.o(i.__scatterload_zeroinit)
    __set_errno                              0x080033d5   Thumb Code     6  errno.o(i.__set_errno)
    _delay_us                                0x080035e1   Thumb Code    18  softdelay.o(i._delay_us)
    asin                                     0x08003ca5   Thumb Code   572  asin.o(i.asin)
    atan                                     0x08003f15   Thumb Code   474  atan.o(i.atan)
    atan2                                    0x08004135   Thumb Code   346  atan2.o(i.atan2)
    control_walkingmotor_speed               0x080042b5   Thumb Code    20  motor.o(i.control_walkingmotor_speed)
    disable_watchdog                         0x08004489   Thumb Code    18  watchdog.o(i.disable_watchdog)
    dmp_enable_6x_lp_quat                    0x0800449b   Thumb Code    60  inv_mpu_dmp_motion_driver.o(i.dmp_enable_6x_lp_quat)
    dmp_enable_feature                       0x080044d9   Thumb Code   530  inv_mpu_dmp_motion_driver.o(i.dmp_enable_feature)
    dmp_enable_gyro_cal                      0x080046f5   Thumb Code    62  inv_mpu_dmp_motion_driver.o(i.dmp_enable_gyro_cal)
    dmp_enable_lp_quat                       0x0800474d   Thumb Code    60  inv_mpu_dmp_motion_driver.o(i.dmp_enable_lp_quat)
    dmp_load_motion_driver_firmware          0x08004789   Thumb Code    20  inv_mpu_dmp_motion_driver.o(i.dmp_load_motion_driver_firmware)
    dmp_read_fifo                            0x080047a1   Thumb Code   456  inv_mpu_dmp_motion_driver.o(i.dmp_read_fifo)
    dmp_set_accel_bias                       0x0800496d   Thumb Code   300  inv_mpu_dmp_motion_driver.o(i.dmp_set_accel_bias)
    dmp_set_fifo_rate                        0x08004a9d   Thumb Code    96  inv_mpu_dmp_motion_driver.o(i.dmp_set_fifo_rate)
    dmp_set_gyro_bias                        0x08004b0d   Thumb Code   294  inv_mpu_dmp_motion_driver.o(i.dmp_set_gyro_bias)
    dmp_set_orientation                      0x08004c3d   Thumb Code   290  inv_mpu_dmp_motion_driver.o(i.dmp_set_orientation)
    dmp_set_shake_reject_thresh              0x08004d75   Thumb Code    56  inv_mpu_dmp_motion_driver.o(i.dmp_set_shake_reject_thresh)
    dmp_set_shake_reject_time                0x08004dad   Thumb Code    38  inv_mpu_dmp_motion_driver.o(i.dmp_set_shake_reject_time)
    dmp_set_shake_reject_timeout             0x08004dd3   Thumb Code    38  inv_mpu_dmp_motion_driver.o(i.dmp_set_shake_reject_timeout)
    dmp_set_tap_axes                         0x08004df9   Thumb Code    70  inv_mpu_dmp_motion_driver.o(i.dmp_set_tap_axes)
    dmp_set_tap_count                        0x08004e3f   Thumb Code    38  inv_mpu_dmp_motion_driver.o(i.dmp_set_tap_count)
    dmp_set_tap_thresh                       0x08004e65   Thumb Code   396  inv_mpu_dmp_motion_driver.o(i.dmp_set_tap_thresh)
    dmp_set_tap_time                         0x08005005   Thumb Code    38  inv_mpu_dmp_motion_driver.o(i.dmp_set_tap_time)
    dmp_set_tap_time_multi                   0x0800502b   Thumb Code    38  inv_mpu_dmp_motion_driver.o(i.dmp_set_tap_time_multi)
    drv_led_init                             0x08005de5   Thumb Code    90  led.o(i.drv_led_init)
    drv_led_set                              0x08005e5d   Thumb Code   122  led.o(i.drv_led_set)
    drv_led_shutdown                         0x08005ee5   Thumb Code    86  led.o(i.drv_led_shutdown)
    enable_watchdog                          0x08005f71   Thumb Code    36  watchdog.o(i.enable_watchdog)
    exti_reg_callback                        0x08005fcd   Thumb Code   174  exti.o(i.exti_reg_callback)
    exti_unreg_callback                      0x08006085   Thumb Code   170  exti.o(i.exti_unreg_callback)
    fputc                                    0x08006139   Thumb Code    18  fputc.o(i.fputc)
    get_electricity                          0x08006201   Thumb Code    60  battery.o(i.get_electricity)
    get_electricitypercentage                0x08006255   Thumb Code     6  battery.o(i.get_electricitypercentage)
    get_walkingmotor_lspeed_mm               0x080066d1   Thumb Code    26  motor.o(i.get_walkingmotor_lspeed_mm)
    get_walkingmotor_rspeed_mm               0x080066fd   Thumb Code    26  motor.o(i.get_walkingmotor_rspeed_mm)
    getms                                    0x08006729   Thumb Code     6  boarddrv.o(i.getms)
    getus                                    0x08006735   Thumb Code    76  boarddrv.o(i.getus)
    heartbeat_battery                        0x0800689d   Thumb Code   104  battery.o(i.heartbeat_battery)
    heartbeat_beep                           0x08006915   Thumb Code   270  beep.o(i.heartbeat_beep)
    init_battery                             0x08006a41   Thumb Code    46  battery.o(i.init_battery)
    init_beep                                0x08006a75   Thumb Code   184  beep.o(i.init_beep)
    init_board                               0x08006b39   Thumb Code    34  hwconf.o(i.init_board)
    init_walkingmotor_odometer               0x08006cb9   Thumb Code    46  motor.o(i.init_walkingmotor_odometer)
    inv_orientation_matrix_to_scalar         0x08006d01   Thumb Code    40  inv_mpu.o(i.inv_orientation_matrix_to_scalar)
    inv_row_2_scale                          0x08006d29   Thumb Code    78  inv_mpu.o(i.inv_row_2_scale)
    led_heartbeat                            0x08006d8d   Thumb Code   188  led.o(i.led_heartbeat)
    main                                     0x08006e6d   Thumb Code    70  main.o(i.main)
    mark_watchdog                            0x08006eb3   Thumb Code    10  watchdog.o(i.mark_watchdog)
    mget_ms                                  0x08006ebd   Thumb Code     2  inv_mpu.o(i.mget_ms)
    mpu_configure_fifo                       0x08006ec1   Thumb Code   106  inv_mpu.o(i.mpu_configure_fifo)
    mpu_dmp_get_data                         0x08006f31   Thumb Code   544  inv_mpu.o(i.mpu_dmp_get_data)
    mpu_dmp_init                             0x08007155   Thumb Code   154  inv_mpu.o(i.mpu_dmp_init)
    mpu_get_accel_fsr                        0x080071f5   Thumb Code    72  inv_mpu.o(i.mpu_get_accel_fsr)
    mpu_get_accel_sens                       0x08007241   Thumb Code    78  inv_mpu.o(i.mpu_get_accel_sens)
    mpu_get_fifo_config                      0x08007295   Thumb Code    12  inv_mpu.o(i.mpu_get_fifo_config)
    mpu_get_gyro_fsr                         0x080072a5   Thumb Code    64  inv_mpu.o(i.mpu_get_gyro_fsr)
    mpu_get_gyro_sens                        0x080072e9   Thumb Code    58  inv_mpu.o(i.mpu_get_gyro_sens)
    mpu_get_lpf                              0x08007339   Thumb Code    74  inv_mpu.o(i.mpu_get_lpf)
    mpu_get_sample_rate                      0x08007389   Thumb Code    26  inv_mpu.o(i.mpu_get_sample_rate)
    mpu_init                                 0x080073a9   Thumb Code   416  inv_mpu.o(i.mpu_init)
    mpu_load_firmware                        0x08007599   Thumb Code   180  inv_mpu.o(i.mpu_load_firmware)
    mpu_lp_accel_mode                        0x08007651   Thumb Code   218  inv_mpu.o(i.mpu_lp_accel_mode)
    mpu_read_fifo_stream                     0x08007731   Thumb Code   186  inv_mpu.o(i.mpu_read_fifo_stream)
    mpu_read_mem                             0x080077f1   Thumb Code   122  inv_mpu.o(i.mpu_read_mem)
    mpu_reset_fifo                           0x08007871   Thumb Code   450  inv_mpu.o(i.mpu_reset_fifo)
    mpu_run_self_test                        0x08007a39   Thumb Code   278  inv_mpu.o(i.mpu_run_self_test)
    mpu_set_accel_fsr                        0x08007b55   Thumb Code   126  inv_mpu.o(i.mpu_set_accel_fsr)
    mpu_set_bypass                           0x08007bd9   Thumb Code   328  inv_mpu.o(i.mpu_set_bypass)
    mpu_set_dmp_state                        0x08007d25   Thumb Code   138  inv_mpu.o(i.mpu_set_dmp_state)
    mpu_set_gyro_fsr                         0x08007db5   Thumb Code   132  inv_mpu.o(i.mpu_set_gyro_fsr)
    mpu_set_int_latched                      0x08007e3d   Thumb Code   102  inv_mpu.o(i.mpu_set_int_latched)
    mpu_set_lpf                              0x08007ea9   Thumb Code   126  inv_mpu.o(i.mpu_set_lpf)
    mpu_set_sample_rate                      0x08007f2d   Thumb Code   152  inv_mpu.o(i.mpu_set_sample_rate)
    mpu_set_sensors                          0x08007fc9   Thumb Code   202  inv_mpu.o(i.mpu_set_sensors)
    mpu_write_mem                            0x08008099   Thumb Code   122  inv_mpu.o(i.mpu_write_mem)
    on_abort_mode                            0x08008119   Thumb Code    82  beep.o(i.on_abort_mode)
    play_poweron                             0x080081b1   Thumb Code    84  beep.o(i.play_poweron)
    run_self_test                            0x08008209   Thumb Code   148  inv_mpu.o(i.run_self_test)
    set_walkingmotor_lduty                   0x08008379   Thumb Code   146  motor.o(i.set_walkingmotor_lduty)
    set_walkingmotor_rduty                   0x0800841d   Thumb Code   152  motor.o(i.set_walkingmotor_rduty)
    set_walkingmotor_speed                   0x080084c5   Thumb Code     8  motor.o(i.set_walkingmotor_speed)
    softdelay_calibrate                      0x080084d1   Thumb Code    74  softdelay.o(i.softdelay_calibrate)
    sonar_distance                           0x08008525   Thumb Code   196  sonar.o(i.sonar_distance)
    sonar_get                                0x08008715   Thumb Code    36  sonar.o(i.sonar_get)
    sonar_heartbeat                          0x0800873d   Thumb Code   452  sonar.o(i.sonar_heartbeat)
    sonar_init                               0x0800890d   Thumb Code    92  sonar.o(i.sonar_init)
    speedctl_heartbeat                       0x080089f1   Thumb Code    34  motor.o(i.speedctl_heartbeat)
    sqrt                                     0x08008a19   Thumb Code    76  sqrt.o(i.sqrt)
    stalldetector_heartbeat                  0x08008a65   Thumb Code   200  motor.o(i.stalldetector_heartbeat)
    stalldetector_init                       0x08008b45   Thumb Code    26  motor.o(i.stalldetector_init)
    start_beep                               0x08008b71   Thumb Code     8  beep.o(i.start_beep)
    stop_beep                                0x08008b79   Thumb Code     8  beep.o(i.stop_beep)
    test_button_callback                     0x08008b81   Thumb Code   196  motor.o(i.test_button_callback)
    usart3_init                              0x08008c49   Thumb Code   330  usart.o(i.usart3_init)
    ender                                    0x08008e50   Data           2  protocol.o(.constdata)
    header                                   0x08008e52   Data           2  protocol.o(.constdata)
    reg                                      0x08008e54   Data          27  inv_mpu.o(.constdata)
    hw                                       0x08008e70   Data          12  inv_mpu.o(.constdata)
    test                                     0x08008e7c   Data          40  inv_mpu.o(.constdata)
    __mathlib_zero                           0x08009b88   Data           8  qnan.o(.constdata)
    Region$$Table$$Base                      0x08009be0   Number         0  anon$$obj.o(Region$$Table)
    Region$$Table$$Limit                     0x08009c00   Number         0  anon$$obj.o(Region$$Table)
    _MPU6050                                 0x20000000   Data           4  main.o(.data)
    _MPU6050_DMP                             0x20000004   Data           4  main.o(.data)
    _MOTOR                                   0x20000008   Data           4  main.o(.data)
    _USART3                                  0x2000000c   Data           4  main.o(.data)
    _LED                                     0x20000010   Data           4  main.o(.data)
    _BATTERY                                 0x20000014   Data           4  main.o(.data)
    _BEEP                                    0x20000018   Data           4  main.o(.data)
    _SONAR                                   0x2000001c   Data           4  main.o(.data)
    Temperature                              0x20000020   Data           2  main.o(.data)
    pitch                                    0x20000024   Data           4  main.o(.data)
    roll                                     0x20000028   Data           4  main.o(.data)
    yaw                                      0x2000002c   Data           4  main.o(.data)
    Kp                                       0x200000f4   Data           4  motor.o(.data)
    Ki                                       0x200000f8   Data           4  motor.o(.data)
    Kd                                       0x200000fc   Data           4  motor.o(.data)
    _ticks_per_us                            0x20000104   Data           4  softdelay.o(.data)
    USART2_RX_STA                            0x20000108   Data           2  usart.o(.data)
    Res2                                     0x2000010a   Data           1  usart.o(.data)
    USART3_RX_STA                            0x2000010c   Data           2  usart.o(.data)
    Res3                                     0x2000010e   Data           1  usart.o(.data)
    UART4_RX_STA                             0x20000110   Data           2  usart.o(.data)
    Res4                                     0x20000112   Data           1  usart.o(.data)
    SendCheckSum                             0x2000011c   Data           1  protocol.o(.data)
    ReceiveCheckSum                          0x2000011d   Data           1  protocol.o(.data)
    leftdata                                 0x20000120   Data           4  protocol.o(.data)
    rightdata                                0x20000124   Data           4  protocol.o(.data)
    receive_command                          0x20000128   Data           2  protocol.o(.data)
    receive_header                           0x2000012a   Data           2  protocol.o(.data)
    receive_ender                            0x2000012c   Data           2  protocol.o(.data)
    send_command                             0x2000012e   Data           2  protocol.o(.data)
    vel_left                                 0x20000130   Data           4  protocol.o(.data)
    vel_right                                0x20000134   Data           4  protocol.o(.data)
    temprature                               0x20000138   Data           4  protocol.o(.data)
    odom_yaw                                 0x2000013c   Data           4  protocol.o(.data)
    odom_pitch                               0x20000140   Data           4  protocol.o(.data)
    odom_roll                                0x20000144   Data           4  protocol.o(.data)
    sonar_front                              0x20000148   Data           4  protocol.o(.data)
    sonar_back                               0x2000014c   Data           4  protocol.o(.data)
    sonar_left                               0x20000150   Data           4  protocol.o(.data)
    sonar_right                              0x20000154   Data           4  protocol.o(.data)
    electricity                              0x20000158   Data           4  protocol.o(.data)
    battery_percentage                       0x2000015c   Data           4  protocol.o(.data)
    command                                  0x20000160   Data           2  protocol.o(.data)
    angle                                    0x2000019c   Data           4  filters.o(.data)
    angle_dot                                0x200001a0   Data           4  filters.o(.data)
    Q_angle                                  0x200001a4   Data           4  filters.o(.data)
    Q_gyro                                   0x200001a8   Data           4  filters.o(.data)
    R_angle                                  0x200001ac   Data           4  filters.o(.data)
    dt                                       0x200001b0   Data           4  filters.o(.data)
    C_0                                      0x200001b4   Data           1  filters.o(.data)
    Q_bias                                   0x200001b8   Data           4  filters.o(.data)
    Angle_err                                0x200001bc   Data           4  filters.o(.data)
    PCt_0                                    0x200001c0   Data           4  filters.o(.data)
    PCt_1                                    0x200001c4   Data           4  filters.o(.data)
    E                                        0x200001c8   Data           4  filters.o(.data)
    K_0                                      0x200001cc   Data           4  filters.o(.data)
    K_1                                      0x200001d0   Data           4  filters.o(.data)
    t_0                                      0x200001d4   Data           4  filters.o(.data)
    t_1                                      0x200001d8   Data           4  filters.o(.data)
    PP                                       0x200001dc   Data          16  filters.o(.data)
    voltage                                  0x200001ec   Data           4  hwconf.o(.data)
    __stdout                                 0x20000204   Data           4  stdout.o(.data)
    send_data                                0x2000020c   Data         200  usart.o(.bss)
    USART2_RX_BUF                            0x200002d4   Data         200  usart.o(.bss)
    USART3_RX_BUF                            0x2000039c   Data         200  usart.o(.bss)
    UART4_RX_BUF                             0x20000464   Data         200  usart.o(.bss)
    _ID                                      0x200005bc   Data          12  protocol.o(.bss)
    Pdot                                     0x200005d8   Data          16  filters.o(.bss)
    __initial_sp                             0x200009e8   Data           0  startup_stm32f10x_hd.o(STACK)



==============================================================================

Memory Map of the image

  Image Entry point : 0x08000131

  Load Region LR_IROM1 (Base: 0x08000000, Size: 0x00009e0c, Max: 0x00040000, ABSOLUTE, COMPRESSED[0x00009c6c])

    Execution Region ER_IROM1 (Base: 0x08000000, Size: 0x00009c00, Max: 0x00040000, ABSOLUTE)

    Base Addr    Size         Type   Attr      Idx    E Section Name        Object

    0x08000000   0x00000130   Data   RO         2339    RESET               startup_stm32f10x_hd.o
    0x08000130   0x00000000   Code   RO         4212  * .ARM.Collect$$$$00000000  mc_w.l(entry.o)
    0x08000130   0x00000004   Code   RO         4553    .ARM.Collect$$$$00000001  mc_w.l(entry2.o)
    0x08000134   0x00000004   Code   RO         4556    .ARM.Collect$$$$00000004  mc_w.l(entry5.o)
    0x08000138   0x00000000   Code   RO         4558    .ARM.Collect$$$$00000008  mc_w.l(entry7b.o)
    0x08000138   0x00000000   Code   RO         4560    .ARM.Collect$$$$0000000A  mc_w.l(entry8b.o)
    0x08000138   0x00000008   Code   RO         4561    .ARM.Collect$$$$0000000B  mc_w.l(entry9a.o)
    0x08000140   0x00000000   Code   RO         4563    .ARM.Collect$$$$0000000D  mc_w.l(entry10a.o)
    0x08000140   0x00000000   Code   RO         4565    .ARM.Collect$$$$0000000F  mc_w.l(entry11a.o)
    0x08000140   0x00000004   Code   RO         4554    .ARM.Collect$$$$00002712  mc_w.l(entry2.o)
    0x08000144   0x00000024   Code   RO         2340    .text               startup_stm32f10x_hd.o
    0x08000168   0x00000062   Code   RO         4215    .text               mc_w.l(uldiv.o)
    0x080001ca   0x00000062   Code   RO         4217    .text               mc_w.l(ldiv.o)
    0x0800022c   0x00000024   Code   RO         4219    .text               mc_w.l(memseta.o)
    0x08000250   0x0000001a   Code   RO         4221    .text               mc_w.l(memcmp.o)
    0x0800026a   0x000000b0   Code   RO         4484    .text               mf_w.l(fadd.o)
    0x0800031a   0x00000064   Code   RO         4486    .text               mf_w.l(fmul.o)
    0x0800037e   0x0000007c   Code   RO         4488    .text               mf_w.l(fdiv.o)
    0x080003fa   0x0000014e   Code   RO         4490    .text               mf_w.l(dadd.o)
    0x08000548   0x000000e4   Code   RO         4492    .text               mf_w.l(dmul.o)
    0x0800062c   0x000000de   Code   RO         4494    .text               mf_w.l(ddiv.o)
    0x0800070a   0x00000012   Code   RO         4496    .text               mf_w.l(fflti.o)
    0x0800071c   0x0000000a   Code   RO         4498    .text               mf_w.l(ffltui.o)
    0x08000726   0x00000022   Code   RO         4500    .text               mf_w.l(dflti.o)
    0x08000748   0x0000001a   Code   RO         4502    .text               mf_w.l(dfltui.o)
    0x08000762   0x00000032   Code   RO         4504    .text               mf_w.l(ffixi.o)
    0x08000794   0x00000028   Code   RO         4506    .text               mf_w.l(ffixui.o)
    0x080007bc   0x00000026   Code   RO         4508    .text               mf_w.l(f2d.o)
    0x080007e2   0x00000038   Code   RO         4510    .text               mf_w.l(d2f.o)
    0x0800081a   0x00000002   PAD
    0x0800081c   0x00000014   Code   RO         4512    .text               mf_w.l(cfcmple.o)
    0x08000830   0x00000014   Code   RO         4514    .text               mf_w.l(cfrcmple.o)
    0x08000844   0x0000001e   Code   RO         4572    .text               mc_w.l(llshl.o)
    0x08000862   0x00000020   Code   RO         4574    .text               mc_w.l(llushr.o)
    0x08000882   0x00000024   Code   RO         4576    .text               mc_w.l(llsshr.o)
    0x080008a6   0x00000000   Code   RO         4585    .text               mc_w.l(iusefp.o)
    0x080008a6   0x0000006e   Code   RO         4586    .text               mf_w.l(fepilogue.o)
    0x08000914   0x000000ba   Code   RO         4588    .text               mf_w.l(depilogue.o)
    0x080009ce   0x0000002e   Code   RO         4590    .text               mf_w.l(dscalb.o)
    0x080009fc   0x00000024   Code   RO         4596    .text               mc_w.l(init.o)
    0x08000a20   0x00000000   Code   RO         4598    .text               mc_w.l(semi.o)
    0x08000a20   0x00000000   Code   RO         4599    .text               mc_w.l(iusesemip.o)
    0x08000a20   0x000000a2   Code   RO         4600    .text               mf_w.l(dsqrt.o)
    0x08000ac2   0x0000003a   Code   RO         4612    .text               mc_w.l(__dczerorl.o)
    0x08000afc   0x00000016   Code   RO         2447    i.ADC_Cmd           stm32f10x_adc.o
    0x08000b12   0x00000002   PAD
    0x08000b14   0x000000d8   Code   RO         2195    i.ADC_Configuration  hwconf.o
    0x08000bec   0x00000016   Code   RO         2448    i.ADC_DMACmd        stm32f10x_adc.o
    0x08000c02   0x00000014   Code   RO         2455    i.ADC_GetCalibrationStatus  stm32f10x_adc.o
    0x08000c16   0x00000014   Code   RO         2461    i.ADC_GetResetCalibrationStatus  stm32f10x_adc.o
    0x08000c2a   0x00000002   PAD
    0x08000c2c   0x00000050   Code   RO         2465    i.ADC_Init          stm32f10x_adc.o
    0x08000c7c   0x000000b8   Code   RO         2469    i.ADC_RegularChannelConfig  stm32f10x_adc.o
    0x08000d34   0x0000000a   Code   RO         2470    i.ADC_ResetCalibration  stm32f10x_adc.o
    0x08000d3e   0x00000016   Code   RO         2472    i.ADC_SoftwareStartConvCmd  stm32f10x_adc.o
    0x08000d54   0x0000000a   Code   RO         2474    i.ADC_StartCalibration  stm32f10x_adc.o
    0x08000d5e   0x00000004   Code   RO         2271    i.BusFault_Handler  stm32f10x_it.o
    0x08000d62   0x00000002   PAD
    0x08000d64   0x0000001c   Code   RO         2675    i.DMA_ClearFlag     stm32f10x_dma.o
    0x08000d80   0x00000018   Code   RO         2677    i.DMA_Cmd           stm32f10x_dma.o
    0x08000d98   0x0000014c   Code   RO         2678    i.DMA_DeInit        stm32f10x_dma.o
    0x08000ee4   0x0000001e   Code   RO          901    i.DMA_Enable        usart.o
    0x08000f02   0x00000002   PAD
    0x08000f04   0x0000002c   Code   RO         2680    i.DMA_GetFlagStatus  stm32f10x_dma.o
    0x08000f30   0x0000003c   Code   RO         2683    i.DMA_Init          stm32f10x_dma.o
    0x08000f6c   0x00000004   Code   RO         2684    i.DMA_SetCurrDataCounter  stm32f10x_dma.o
    0x08000f70   0x00000002   Code   RO         2272    i.DebugMon_Handler  stm32f10x_it.o
    0x08000f72   0x00000002   PAD
    0x08000f74   0x00000028   Code   RO         1054    i.EXTI0_IRQHandler  exti.o
    0x08000f9c   0x00000048   Code   RO         1055    i.EXTI15_10_IRQHandler  exti.o
    0x08000fe4   0x00000028   Code   RO         1056    i.EXTI1_IRQHandler  exti.o
    0x0800100c   0x00000028   Code   RO         1057    i.EXTI2_IRQHandler  exti.o
    0x08001034   0x00000028   Code   RO         1058    i.EXTI3_IRQHandler  exti.o
    0x0800105c   0x00000028   Code   RO         1059    i.EXTI4_IRQHandler  exti.o
    0x08001084   0x00000040   Code   RO         1060    i.EXTI9_5_IRQHandler  exti.o
    0x080010c4   0x0000000c   Code   RO         2760    i.EXTI_ClearITPendingBit  stm32f10x_exti.o
    0x080010d0   0x00000094   Code   RO         2765    i.EXTI_Init         stm32f10x_exti.o
    0x08001164   0x00000040   Code   RO         2828    i.GPIO_EXTILineConfig  stm32f10x_gpio.o
    0x080011a4   0x00000116   Code   RO         2831    i.GPIO_Init         stm32f10x_gpio.o
    0x080012ba   0x00000002   PAD
    0x080012bc   0x00000090   Code   RO         2833    i.GPIO_PinRemapConfig  stm32f10x_gpio.o
    0x0800134c   0x00000070   Code   RO          627    i.GPIO_PortSource   motor.o
    0x080013bc   0x00000012   Code   RO         2835    i.GPIO_ReadInputDataBit  stm32f10x_gpio.o
    0x080013ce   0x00000004   Code   RO         2838    i.GPIO_ResetBits    stm32f10x_gpio.o
    0x080013d2   0x00000004   Code   RO         2839    i.GPIO_SetBits      stm32f10x_gpio.o
    0x080013d6   0x00000002   PAD
    0x080013d8   0x00000044   Code   RO         1265    i.GetChipID         protocol.o
    0x0800141c   0x00000038   Code   RO          510    i.Get_Crc8          crc.o
    0x08001454   0x00000004   Code   RO         2273    i.HardFault_Handler  stm32f10x_it.o
    0x08001458   0x0000006c   Code   RO          628    i.InitMotor         motor.o
    0x080014c4   0x000000dc   Code   RO          629    i.InitPWM           motor.o
    0x080015a0   0x00000278   Code   RO         2121    i.Kalman_Filter     filters.o
    0x08001818   0x00000050   Code   RO         1331    i.MPU_Get_Accelerometer  mpu6050.o
    0x08001868   0x00000050   Code   RO         1332    i.MPU_Get_Gyroscope  mpu6050.o
    0x080018b8   0x00000068   Code   RO         1333    i.MPU_Get_Temperature  mpu6050.o
    0x08001920   0x0000004c   Code   RO         1446    i.MPU_IIC_Ack       mpuiic.o
    0x0800196c   0x0000000a   Code   RO         1447    i.MPU_IIC_Delay     mpuiic.o
    0x08001976   0x00000002   PAD
    0x08001978   0x0000003c   Code   RO         1448    i.MPU_IIC_Init      mpuiic.o
    0x080019b4   0x0000004c   Code   RO         1449    i.MPU_IIC_NAck      mpuiic.o
    0x08001a00   0x0000006c   Code   RO         1450    i.MPU_IIC_Read_Byte  mpuiic.o
    0x08001a6c   0x0000005c   Code   RO         1451    i.MPU_IIC_Send_Byte  mpuiic.o
    0x08001ac8   0x00000048   Code   RO         1452    i.MPU_IIC_Start     mpuiic.o
    0x08001b10   0x00000048   Code   RO         1453    i.MPU_IIC_Stop      mpuiic.o
    0x08001b58   0x00000064   Code   RO         1454    i.MPU_IIC_Wait_Ack  mpuiic.o
    0x08001bbc   0x0000007a   Code   RO         1334    i.MPU_Init          mpu6050.o
    0x08001c36   0x0000003a   Code   RO         1335    i.MPU_Read_Byte     mpu6050.o
    0x08001c70   0x00000074   Code   RO         1336    i.MPU_Read_Len      mpu6050.o
    0x08001ce4   0x00000010   Code   RO         1337    i.MPU_Set_Accel_Fsr  mpu6050.o
    0x08001cf4   0x00000010   Code   RO         1338    i.MPU_Set_Gyro_Fsr  mpu6050.o
    0x08001d04   0x0000003a   Code   RO         1339    i.MPU_Set_LPF       mpu6050.o
    0x08001d3e   0x0000003a   Code   RO         1340    i.MPU_Set_Rate      mpu6050.o
    0x08001d78   0x00000044   Code   RO         1341    i.MPU_Write_Byte    mpu6050.o
    0x08001dbc   0x00000060   Code   RO         1342    i.MPU_Write_Len     mpu6050.o
    0x08001e1c   0x00000004   Code   RO         2274    i.MemManage_Handler  stm32f10x_it.o
    0x08001e20   0x00000002   Code   RO         2275    i.NMI_Handler       stm32f10x_it.o
    0x08001e22   0x00000066   Code   RO          630    i.NVIC_Configuration  motor.o
    0x08001e88   0x0000001c   Code   RO         2196    i.NVIC_Configuration  hwconf.o
    0x08001ea4   0x00000070   Code   RO         2393    i.NVIC_Init         misc.o
    0x08001f14   0x00000014   Code   RO         2394    i.NVIC_PriorityGroupConfig  misc.o
    0x08001f28   0x00000002   Code   RO         2276    i.PendSV_Handler    stm32f10x_it.o
    0x08001f2a   0x00000002   PAD
    0x08001f2c   0x00000018   Code   RO         3167    i.RCC_ADCCLKConfig  stm32f10x_rcc.o
    0x08001f44   0x00000020   Code   RO         3168    i.RCC_AHBPeriphClockCmd  stm32f10x_rcc.o
    0x08001f64   0x00000020   Code   RO         3169    i.RCC_APB1PeriphClockCmd  stm32f10x_rcc.o
    0x08001f84   0x00000020   Code   RO         3171    i.RCC_APB2PeriphClockCmd  stm32f10x_rcc.o
    0x08001fa4   0x00000014   Code   RO         3175    i.RCC_ClearFlag     stm32f10x_rcc.o
    0x08001fb8   0x0000002c   Code   RO         2197    i.RCC_Configuration  hwconf.o
    0x08001fe4   0x000000d4   Code   RO         3179    i.RCC_GetClocksFreq  stm32f10x_rcc.o
    0x080020b8   0x00000510   Code   RO         1266    i.ReceiveData       protocol.o
    0x080025c8   0x00000044   Code   RO         1160    i.SONAR_TRIG        sonar.o
    0x0800260c   0x00000002   Code   RO         2277    i.SVC_Handler       stm32f10x_it.o
    0x0800260e   0x00000002   PAD
    0x08002610   0x000004ac   Code   RO         1267    i.SendData          protocol.o
    0x08002abc   0x00000008   Code   RO         2347    i.SetSysClock       system_stm32f10x.o
    0x08002ac4   0x000000e0   Code   RO         2348    i.SetSysClockTo72   system_stm32f10x.o
    0x08002ba4   0x00000010   Code   RO          387    i.SysTick_Handler   boarddrv.o
    0x08002bb4   0x00000060   Code   RO         2350    i.SystemInit        system_stm32f10x.o
    0x08002c14   0x00000018   Code   RO         3383    i.TIM_ARRPreloadConfig  stm32f10x_tim.o
    0x08002c2c   0x00000018   Code   RO         3395    i.TIM_Cmd           stm32f10x_tim.o
    0x08002c44   0x0000001e   Code   RO         3397    i.TIM_CtrlPWMOutputs  stm32f10x_tim.o
    0x08002c62   0x00000006   Code   RO         3414    i.TIM_GetCounter    stm32f10x_tim.o
    0x08002c68   0x00000098   Code   RO         3424    i.TIM_OC1Init       stm32f10x_tim.o
    0x08002d00   0x00000012   Code   RO         3427    i.TIM_OC1PreloadConfig  stm32f10x_tim.o
    0x08002d12   0x00000002   PAD
    0x08002d14   0x000000a0   Code   RO         3434    i.TIM_OC3Init       stm32f10x_tim.o
    0x08002db4   0x00000012   Code   RO         3437    i.TIM_OC3PreloadConfig  stm32f10x_tim.o
    0x08002dc6   0x00000002   PAD
    0x08002dc8   0x0000007c   Code   RO         3439    i.TIM_OC4Init       stm32f10x_tim.o
    0x08002e44   0x0000001a   Code   RO         3441    i.TIM_OC4PreloadConfig  stm32f10x_tim.o
    0x08002e5e   0x00000004   Code   RO         3460    i.TIM_SetCounter    stm32f10x_tim.o
    0x08002e62   0x00000002   PAD
    0x08002e64   0x000000a4   Code   RO         3466    i.TIM_TimeBaseInit  stm32f10x_tim.o
    0x08002f08   0x00000084   Code   RO          902    i.UART4_IRQHandler  usart.o
    0x08002f8c   0x0000007c   Code   RO          903    i.USART2_IRQHandler  usart.o
    0x08003008   0x00000038   Code   RO          904    i.USART3_IRQHandler  usart.o
    0x08003040   0x00000012   Code   RO         3939    i.USART_ClearFlag   stm32f10x_usart.o
    0x08003052   0x0000001e   Code   RO         3940    i.USART_ClearITPendingBit  stm32f10x_usart.o
    0x08003070   0x00000018   Code   RO         3943    i.USART_Cmd         stm32f10x_usart.o
    0x08003088   0x00000012   Code   RO         3944    i.USART_DMACmd      stm32f10x_usart.o
    0x0800309a   0x0000001a   Code   RO         3946    i.USART_GetFlagStatus  stm32f10x_usart.o
    0x080030b4   0x00000054   Code   RO         3947    i.USART_GetITStatus  stm32f10x_usart.o
    0x08003108   0x0000004a   Code   RO         3949    i.USART_ITConfig    stm32f10x_usart.o
    0x08003152   0x00000002   PAD
    0x08003154   0x000000d8   Code   RO         3950    i.USART_Init        stm32f10x_usart.o
    0x0800322c   0x0000000a   Code   RO         3957    i.USART_ReceiveData  stm32f10x_usart.o
    0x08003236   0x00000004   Code   RO         2278    i.UsageFault_Handler  stm32f10x_it.o
    0x0800323a   0x00000002   PAD
    0x0800323c   0x00000010   Code   RO         4133    i.WWDG_Enable       stm32f10x_wwdg.o
    0x0800324c   0x00000010   Code   RO         4136    i.WWDG_SetCounter   stm32f10x_wwdg.o
    0x0800325c   0x00000018   Code   RO         4137    i.WWDG_SetPrescaler  stm32f10x_wwdg.o
    0x08003274   0x00000028   Code   RO         4138    i.WWDG_SetWindowValue  stm32f10x_wwdg.o
    0x0800329c   0x00000020   Code   RO         4430    i.__0printf$8       mc_w.l(printf8.o)
    0x080032bc   0x00000028   Code   RO         4540    i.__ARM_fpclassify  m_ws.l(fpclassify.o)
    0x080032e4   0x000000aa   Code   RO         4542    i.__kernel_poly     m_ws.l(poly.o)
    0x0800338e   0x00000006   Code   RO         4527    i.__mathlib_dbl_infnan  m_ws.l(dunder.o)
    0x08003394   0x00000004   Code   RO         4528    i.__mathlib_dbl_infnan2  m_ws.l(dunder.o)
    0x08003398   0x0000000c   Code   RO         4529    i.__mathlib_dbl_invalid  m_ws.l(dunder.o)
    0x080033a4   0x00000010   Code   RO         4532    i.__mathlib_dbl_underflow  m_ws.l(dunder.o)
    0x080033b4   0x0000000e   Code   RO         4606    i.__scatterload_copy  mc_w.l(handlers.o)
    0x080033c2   0x00000002   Code   RO         4607    i.__scatterload_null  mc_w.l(handlers.o)
    0x080033c4   0x0000000e   Code   RO         4608    i.__scatterload_zeroinit  mc_w.l(handlers.o)
    0x080033d2   0x00000002   PAD
    0x080033d4   0x0000000c   Code   RO         4580    i.__set_errno       mc_w.l(errno.o)
    0x080033e0   0x0000015c   Code   RO          631    i._control_walkingmotor_speed_byid  motor.o
    0x0800353c   0x00000004   Code   RO          388    i._default_abort_proc  boarddrv.o
    0x08003540   0x00000010   Code   RO          838    i._delay_loop       softdelay.o
    0x08003550   0x00000018   Code   RO            4    i._delay_ms         main.o
    0x08003568   0x00000018   Code   RO          274    i._delay_ms         beep.o
    0x08003580   0x00000018   Code   RO          632    i._delay_ms         motor.o
    0x08003598   0x00000018   Code   RO         1062    i._delay_ms         exti.o
    0x080035b0   0x00000018   Code   RO         1343    i._delay_ms         mpu6050.o
    0x080035c8   0x00000018   Code   RO         1546    i._delay_ms         inv_mpu.o
    0x080035e0   0x00000018   Code   RO          840    i._delay_us         softdelay.o
    0x080035f8   0x00000410   Code   RO         4437    i._printf_core      mc_w.l(printf8.o)
    0x08003a08   0x00000024   Code   RO         4438    i._printf_post_padding  mc_w.l(printf8.o)
    0x08003a2c   0x0000002e   Code   RO         4439    i._printf_pre_padding  mc_w.l(printf8.o)
    0x08003a5a   0x00000002   PAD
    0x08003a5c   0x00000118   Code   RO          633    i._refresh_walkingmotor_odometer  motor.o
    0x08003b74   0x00000034   Code   RO          634    i._release_walkingmotor_l  motor.o
    0x08003ba8   0x00000034   Code   RO          635    i._release_walkingmotor_r  motor.o
    0x08003bdc   0x00000020   Code   RO          636    i._set_walkingmotor_duty  motor.o
    0x08003bfc   0x000000a8   Code   RO         1547    i.accel_self_test   inv_mpu.o
    0x08003ca4   0x00000270   Code   RO         4195    i.asin              m_ws.l(asin.o)
    0x08003f14   0x00000220   Code   RO         4517    i.atan              m_ws.l(atan.o)
    0x08004134   0x00000180   Code   RO         4205    i.atan2             m_ws.l(atan2.o)
    0x080042b4   0x00000014   Code   RO          638    i.control_walkingmotor_speed  motor.o
    0x080042c8   0x00000030   Code   RO          639    i.countbit          motor.o
    0x080042f8   0x00000064   Code   RO         1927    i.decode_gesture    inv_mpu_dmp_motion_driver.o
    0x0800435c   0x00000108   Code   RO            6    i.dev_heartbeat     main.o
    0x08004464   0x00000024   Code   RO          277    i.disable_beep      beep.o
    0x08004488   0x00000012   Code   RO          995    i.disable_watchdog  watchdog.o
    0x0800449a   0x0000003c   Code   RO         1928    i.dmp_enable_6x_lp_quat  inv_mpu_dmp_motion_driver.o
    0x080044d6   0x00000002   PAD
    0x080044d8   0x0000021c   Code   RO         1929    i.dmp_enable_feature  inv_mpu_dmp_motion_driver.o
    0x080046f4   0x00000058   Code   RO         1930    i.dmp_enable_gyro_cal  inv_mpu_dmp_motion_driver.o
    0x0800474c   0x0000003c   Code   RO         1931    i.dmp_enable_lp_quat  inv_mpu_dmp_motion_driver.o
    0x08004788   0x00000018   Code   RO         1936    i.dmp_load_motion_driver_firmware  inv_mpu_dmp_motion_driver.o
    0x080047a0   0x000001cc   Code   RO         1937    i.dmp_read_fifo     inv_mpu_dmp_motion_driver.o
    0x0800496c   0x00000130   Code   RO         1940    i.dmp_set_accel_bias  inv_mpu_dmp_motion_driver.o
    0x08004a9c   0x00000070   Code   RO         1941    i.dmp_set_fifo_rate  inv_mpu_dmp_motion_driver.o
    0x08004b0c   0x00000130   Code   RO         1942    i.dmp_set_gyro_bias  inv_mpu_dmp_motion_driver.o
    0x08004c3c   0x00000138   Code   RO         1944    i.dmp_set_orientation  inv_mpu_dmp_motion_driver.o
    0x08004d74   0x00000038   Code   RO         1947    i.dmp_set_shake_reject_thresh  inv_mpu_dmp_motion_driver.o
    0x08004dac   0x00000026   Code   RO         1948    i.dmp_set_shake_reject_time  inv_mpu_dmp_motion_driver.o
    0x08004dd2   0x00000026   Code   RO         1949    i.dmp_set_shake_reject_timeout  inv_mpu_dmp_motion_driver.o
    0x08004df8   0x00000046   Code   RO         1950    i.dmp_set_tap_axes  inv_mpu_dmp_motion_driver.o
    0x08004e3e   0x00000026   Code   RO         1951    i.dmp_set_tap_count  inv_mpu_dmp_motion_driver.o
    0x08004e64   0x000001a0   Code   RO         1952    i.dmp_set_tap_thresh  inv_mpu_dmp_motion_driver.o
    0x08005004   0x00000026   Code   RO         1953    i.dmp_set_tap_time  inv_mpu_dmp_motion_driver.o
    0x0800502a   0x00000026   Code   RO         1954    i.dmp_set_tap_time_multi  inv_mpu_dmp_motion_driver.o
    0x08005050   0x00000d94   Code   RO          550    i.drv_led_cmd       led.o
    0x08005de4   0x0000006c   Code   RO          551    i.drv_led_init      led.o
    0x08005e50   0x0000000a   Code   RO          552    i.drv_led_reset     led.o
    0x08005e5a   0x00000002   PAD
    0x08005e5c   0x00000088   Code   RO          553    i.drv_led_set       led.o
    0x08005ee4   0x00000068   Code   RO          554    i.drv_led_shutdown  led.o
    0x08005f4c   0x00000024   Code   RO          278    i.enable_beep       beep.o
    0x08005f70   0x00000024   Code   RO          996    i.enable_watchdog   watchdog.o
    0x08005f94   0x00000010   Code   RO          640    i.encoder_l1_exti_cb  motor.o
    0x08005fa4   0x00000010   Code   RO          641    i.encoder_r1_exti_cb  motor.o
    0x08005fb4   0x0000000c   Code   RO          397    i.enter_critical_section  boarddrv.o
    0x08005fc0   0x0000000c   Code   RO          642    i.enter_critical_section  motor.o
    0x08005fcc   0x000000b8   Code   RO         1065    i.exti_reg_callback  exti.o
    0x08006084   0x000000b4   Code   RO         1066    i.exti_unreg_callback  exti.o
    0x08006138   0x00000012   Code   RO         4567    i.fputc             mc_w.l(fputc.o)
    0x0800614a   0x00000002   PAD
    0x0800614c   0x000000b4   Code   RO         1550    i.get_accel_prod_shift  inv_mpu.o
    0x08006200   0x00000054   Code   RO          207    i.get_electricity   battery.o
    0x08006254   0x0000000c   Code   RO          208    i.get_electricitypercentage  battery.o
    0x08006260   0x00000470   Code   RO         1551    i.get_st_biases     inv_mpu.o
    0x080066d0   0x00000020   Code   RO          643    i.get_walkingmotor_lspeed_mm  motor.o
    0x080066f0   0x0000000c   Code   RO          644    i.get_walkingmotor_lspeed_set  motor.o
    0x080066fc   0x00000020   Code   RO          645    i.get_walkingmotor_rspeed_mm  motor.o
    0x0800671c   0x0000000c   Code   RO          646    i.get_walkingmotor_rspeed_set  motor.o
    0x08006728   0x0000000c   Code   RO          400    i.getms             boarddrv.o
    0x08006734   0x00000058   Code   RO          401    i.getus             boarddrv.o
    0x0800678c   0x00000110   Code   RO         1552    i.gyro_self_test    inv_mpu.o
    0x0800689c   0x00000078   Code   RO          209    i.heartbeat_battery  battery.o
    0x08006914   0x0000012c   Code   RO          280    i.heartbeat_beep    beep.o
    0x08006a40   0x00000034   Code   RO          210    i.init_battery      battery.o
    0x08006a74   0x000000c4   Code   RO          281    i.init_beep         beep.o
    0x08006b38   0x0000002c   Code   RO         2201    i.init_board        hwconf.o
    0x08006b64   0x00000078   Code   RO            8    i.init_dev          main.o
    0x08006bdc   0x000000dc   Code   RO          647    i.init_extix        motor.o
    0x08006cb8   0x00000048   Code   RO          648    i.init_walkingmotor_odometer  motor.o
    0x08006d00   0x00000028   Code   RO         1553    i.inv_orientation_matrix_to_scalar  inv_mpu.o
    0x08006d28   0x0000004e   Code   RO         1554    i.inv_row_2_scale   inv_mpu.o
    0x08006d76   0x0000000a   Code   RO          403    i.leave_critical_section  boarddrv.o
    0x08006d80   0x0000000a   Code   RO          649    i.leave_critical_section  motor.o
    0x08006d8a   0x00000002   PAD
    0x08006d8c   0x000000cc   Code   RO          557    i.led_heartbeat     led.o
    0x08006e58   0x00000014   Code   RO           10    i.loop              main.o
    0x08006e6c   0x00000046   Code   RO           11    i.main              main.o
    0x08006eb2   0x0000000a   Code   RO          999    i.mark_watchdog     watchdog.o
    0x08006ebc   0x00000002   Code   RO         1556    i.mget_ms           inv_mpu.o
    0x08006ebe   0x00000002   PAD
    0x08006ec0   0x00000070   Code   RO         1557    i.mpu_configure_fifo  inv_mpu.o
    0x08006f30   0x00000224   Code   RO         1559    i.mpu_dmp_get_data  inv_mpu.o
    0x08007154   0x000000a0   Code   RO         1560    i.mpu_dmp_init      inv_mpu.o
    0x080071f4   0x0000004c   Code   RO         1561    i.mpu_get_accel_fsr  inv_mpu.o
    0x08007240   0x00000054   Code   RO         1563    i.mpu_get_accel_sens  inv_mpu.o
    0x08007294   0x00000010   Code   RO         1568    i.mpu_get_fifo_config  inv_mpu.o
    0x080072a4   0x00000044   Code   RO         1569    i.mpu_get_gyro_fsr  inv_mpu.o
    0x080072e8   0x00000050   Code   RO         1571    i.mpu_get_gyro_sens  inv_mpu.o
    0x08007338   0x00000050   Code   RO         1573    i.mpu_get_lpf       inv_mpu.o
    0x08007388   0x00000020   Code   RO         1575    i.mpu_get_sample_rate  inv_mpu.o
    0x080073a8   0x000001f0   Code   RO         1577    i.mpu_init          inv_mpu.o
    0x08007598   0x000000b8   Code   RO         1578    i.mpu_load_firmware  inv_mpu.o
    0x08007650   0x000000e0   Code   RO         1579    i.mpu_lp_accel_mode  inv_mpu.o
    0x08007730   0x000000c0   Code   RO         1582    i.mpu_read_fifo_stream  inv_mpu.o
    0x080077f0   0x00000080   Code   RO         1583    i.mpu_read_mem      inv_mpu.o
    0x08007870   0x000001c8   Code   RO         1586    i.mpu_reset_fifo    inv_mpu.o
    0x08007a38   0x0000011c   Code   RO         1587    i.mpu_run_self_test  inv_mpu.o
    0x08007b54   0x00000084   Code   RO         1589    i.mpu_set_accel_fsr  inv_mpu.o
    0x08007bd8   0x0000014c   Code   RO         1590    i.mpu_set_bypass    inv_mpu.o
    0x08007d24   0x00000090   Code   RO         1592    i.mpu_set_dmp_state  inv_mpu.o
    0x08007db4   0x00000088   Code   RO         1593    i.mpu_set_gyro_fsr  inv_mpu.o
    0x08007e3c   0x0000006c   Code   RO         1594    i.mpu_set_int_latched  inv_mpu.o
    0x08007ea8   0x00000084   Code   RO         1596    i.mpu_set_lpf       inv_mpu.o
    0x08007f2c   0x0000009c   Code   RO         1597    i.mpu_set_sample_rate  inv_mpu.o
    0x08007fc8   0x000000d0   Code   RO         1598    i.mpu_set_sensors   inv_mpu.o
    0x08008098   0x00000080   Code   RO         1599    i.mpu_write_mem     inv_mpu.o
    0x08008118   0x00000058   Code   RO          283    i.on_abort_mode     beep.o
    0x08008170   0x00000020   Code   RO          650    i.pinMode           motor.o
    0x08008190   0x00000020   Code   RO         1165    i.pinMode           sonar.o
    0x080081b0   0x00000058   Code   RO          285    i.play_poweron      beep.o
    0x08008208   0x00000094   Code   RO         1601    i.run_self_test     inv_mpu.o
    0x0800829c   0x0000004c   Code   RO         2204    i.set_board_systick  hwconf.o
    0x080082e8   0x00000090   Code   RO         1602    i.set_int_enable    inv_mpu.o
    0x08008378   0x000000a4   Code   RO          651    i.set_walkingmotor_lduty  motor.o
    0x0800841c   0x000000a8   Code   RO          652    i.set_walkingmotor_rduty  motor.o
    0x080084c4   0x0000000c   Code   RO          653    i.set_walkingmotor_speed  motor.o
    0x080084d0   0x00000054   Code   RO          845    i.softdelay_calibrate  softdelay.o
    0x08008524   0x000000e0   Code   RO         1166    i.sonar_distance    sonar.o
    0x08008604   0x00000110   Code   RO         1168    i.sonar_exti_cb     sonar.o
    0x08008714   0x00000028   Code   RO         1169    i.sonar_get         sonar.o
    0x0800873c   0x000001d0   Code   RO         1170    i.sonar_heartbeat   sonar.o
    0x0800890c   0x00000064   Code   RO         1171    i.sonar_init        sonar.o
    0x08008970   0x0000002c   Code   RO         1172    i.sonar_shutdown    sonar.o
    0x0800899c   0x00000054   Code   RO         1173    i.sonar_trigger     sonar.o
    0x080089f0   0x00000028   Code   RO          654    i.speedctl_heartbeat  motor.o
    0x08008a18   0x0000004c   Code   RO         4546    i.sqrt              m_ws.l(sqrt.o)
    0x08008a64   0x000000e0   Code   RO          656    i.stalldetector_heartbeat  motor.o
    0x08008b44   0x0000002c   Code   RO          657    i.stalldetector_init  motor.o
    0x08008b70   0x00000008   Code   RO          289    i.start_beep        beep.o
    0x08008b78   0x00000008   Code   RO          290    i.stop_beep         beep.o
    0x08008b80   0x000000c8   Code   RO          660    i.test_button_callback  motor.o
    0x08008c48   0x00000160   Code   RO          912    i.usart3_init       usart.o
    0x08008da8   0x00000058   Data   RO          661    .constdata          motor.o
    0x08008e00   0x00000050   Data   RO         1175    .constdata          sonar.o
    0x08008e50   0x00000004   Data   RO         1274    .constdata          protocol.o
    0x08008e54   0x00000050   Data   RO         1604    .constdata          inv_mpu.o
    0x08008ea4   0x00000bf6   Data   RO         1956    .constdata          inv_mpu_dmp_motion_driver.o
    0x08009a9a   0x00000006   PAD
    0x08009aa0   0x00000050   Data   RO         4196    .constdata          m_ws.l(asin.o)
    0x08009af0   0x00000098   Data   RO         4518    .constdata          m_ws.l(atan.o)
    0x08009b88   0x00000008   Data   RO         4544    .constdata          m_ws.l(qnan.o)
    0x08009b90   0x0000004d   Data   RO         1605    .conststring        inv_mpu.o
    0x08009bdd   0x00000003   PAD
    0x08009be0   0x00000020   Data   RO         4604    Region$$Table       anon$$obj.o


    Execution Region RW_IRAM1 (Base: 0x20000000, Size: 0x000009e8, Max: 0x0000c000, ABSOLUTE, COMPRESSED[0x0000006c])

    Base Addr    Size         Type   Attr      Idx    E Section Name        Object

    0x20000000   0x00000030   Data   RW           13    .data               main.o
    0x20000030   0x00000008   Data   RW          213    .data               battery.o
    0x20000038   0x00000030   Data   RW          291    .data               beep.o
    0x20000068   0x0000000c   Data   RW          405    .data               boarddrv.o
    0x20000074   0x00000011   Data   RW          559    .data               led.o
    0x20000085   0x00000003   PAD
    0x20000088   0x0000007c   Data   RW          662    .data               motor.o
    0x20000104   0x00000004   Data   RW          846    .data               softdelay.o
    0x20000108   0x0000000b   Data   RW          914    .data               usart.o
    0x20000113   0x00000007   Data   RW         1070    .data               exti.o
    0x2000011a   0x00000001   Data   RW         1176    .data               sonar.o
    0x2000011b   0x00000001   PAD
    0x2000011c   0x00000046   Data   RW         1275    .data               protocol.o
    0x20000162   0x00000002   PAD
    0x20000164   0x00000035   Data   RW         1606    .data               inv_mpu.o
    0x20000199   0x00000003   PAD
    0x2000019c   0x00000050   Data   RW         2131    .data               filters.o
    0x200001ec   0x00000004   Data   RW         2205    .data               hwconf.o
    0x200001f0   0x00000014   Data   RW         3199    .data               stm32f10x_rcc.o
    0x20000204   0x00000004   Data   RW         4569    .data               mc_w.l(stdout.o)
    0x20000208   0x00000004   Data   RW         4581    .data               mc_w.l(errno.o)
    0x2000020c   0x00000320   Zero   RW          913    .bss                usart.o
    0x2000052c   0x00000040   Zero   RW         1069    .bss                exti.o
    0x2000056c   0x00000050   Zero   RW         1174    .bss                sonar.o
    0x200005bc   0x0000000c   Zero   RW         1273    .bss                protocol.o
    0x200005c8   0x00000010   Zero   RW         1955    .bss                inv_mpu_dmp_motion_driver.o
    0x200005d8   0x00000010   Zero   RW         2130    .bss                filters.o
    0x200005e8   0x00000400   Zero   RW         2337    STACK               startup_stm32f10x_hd.o


==============================================================================

Image component sizes


      Code (inc. data)   RO Data    RW Data    ZI Data      Debug   Object Name

       268         52          0          8          0       2245   battery.o
       784         62          0         48          0       5057   beep.o
       142         22          0         12          0       3494   boarddrv.o
        56          0          0          0          0        907   crc.o
       724         78          0          7         64       5873   exti.o
       632         74          0         80         16       1671   filters.o
       408         44          0          4          0      27646   hwconf.o
      6888        290        157         53          0      31212   inv_mpu.o
      3096        122       3062          0         16      20462   inv_mpu_dmp_motion_driver.o
      4038         82          0         17          0       3672   led.o
       498         70          0         48          0     285816   main.o
       132         22          0          0          0       1691   misc.o
      2716        338         88        124          0      17819   motor.o
       896         18          0          0          0       8445   mpu6050.o
       666        100          0          0          0       4722   mpuiic.o
      2560        182          4         70         12       6135   protocol.o
       124         16          0          4          0       1994   softdelay.o
      1328         92         80          1         80       7186   sonar.o
        36          8        304          0       1024        820   startup_stm32f10x_hd.o
       390         10          0          0          0       7797   stm32f10x_adc.o
       492         26          0          0          0       5391   stm32f10x_dma.o
       160         12          0          0          0       1649   stm32f10x_exti.o
       512         10          0          0          0       5400   stm32f10x_gpio.o
        24          0          0          0          0       3380   stm32f10x_it.o
       352         50          0         20          0       6289   stm32f10x_rcc.o
       750         82          0          0          0       8326   stm32f10x_tim.o
       500          6          0          0          0       7807   stm32f10x_usart.o
        96         24          0          0          0       2998   stm32f10x_wwdg.o
       328         28          0          0          0       2005   system_stm32f10x.o
       694         72          0         11        800       3735   usart.o
        64          0          0          0          0       1353   watchdog.o

    ----------------------------------------------------------------------
     30392       1992       3736        516       2012     492997   Object Totals
         0          0         32          0          0          0   (incl. Generated)
        38          0          9          9          0          0   (incl. Padding)

    ----------------------------------------------------------------------

      Code (inc. data)   RO Data    RW Data    ZI Data      Debug   Library Member Name

       624         52         80          0          0        168   asin.o
       544         70        152          0          0        124   atan.o
       384         38          0          0          0        144   atan2.o
        38          6          0          0          0        272   dunder.o
        40          0          0          0          0         68   fpclassify.o
       170          0          0          0          0         96   poly.o
         0          0          8          0          0          0   qnan.o
        76          0          0          0          0         84   sqrt.o
        58          0          0          0          0          0   __dczerorl.o
         0          0          0          0          0          0   entry.o
         0          0          0          0          0          0   entry10a.o
         0          0          0          0          0          0   entry11a.o
         8          4          0          0          0          0   entry2.o
         4          0          0          0          0          0   entry5.o
         0          0          0          0          0          0   entry7b.o
         0          0          0          0          0          0   entry8b.o
         8          4          0          0          0          0   entry9a.o
        12          6          0          4          0         68   errno.o
        18          0          0          0          0         80   fputc.o
        30          0          0          0          0          0   handlers.o
        36          8          0          0          0         68   init.o
         0          0          0          0          0          0   iusefp.o
         0          0          0          0          0          0   iusesemip.o
        98          0          0          0          0         84   ldiv.o
        30          0          0          0          0         68   llshl.o
        36          0          0          0          0         68   llsshr.o
        32          0          0          0          0         68   llushr.o
        26          0          0          0          0         80   memcmp.o
        36          0          0          0          0        108   memseta.o
      1154         54          0          0          0        352   printf8.o
         0          0          0          0          0          0   semi.o
         0          0          0          4          0          0   stdout.o
        98          0          0          0          0         92   uldiv.o
        20          0          0          0          0         68   cfcmple.o
        20          0          0          0          0         68   cfrcmple.o
        56          0          0          0          0         88   d2f.o
       334          0          0          0          0        148   dadd.o
       222          0          0          0          0        100   ddiv.o
       186          0          0          0          0        176   depilogue.o
        34          0          0          0          0         76   dflti.o
        26          0          0          0          0         76   dfltui.o
       228          0          0          0          0         96   dmul.o
        46          0          0          0          0         80   dscalb.o
       162          0          0          0          0        100   dsqrt.o
        38          0          0          0          0         68   f2d.o
       176          0          0          0          0        140   fadd.o
       124          0          0          0          0         88   fdiv.o
       110          0          0          0          0        168   fepilogue.o
        50          0          0          0          0         68   ffixi.o
        40          0          0          0          0         68   ffixui.o
        18          0          0          0          0         68   fflti.o
        10          0          0          0          0         68   ffltui.o
       100          0          0          0          0         76   fmul.o

    ----------------------------------------------------------------------
      5568        242        240          8          0       3980   Library Totals
         8          0          0          0          0          0   (incl. Padding)

    ----------------------------------------------------------------------

      Code (inc. data)   RO Data    RW Data    ZI Data      Debug   Library Name

      1876        166        240          0          0        956   m_ws.l
      1684         76          0          8          0       1136   mc_w.l
      2000          0          0          0          0       1888   mf_w.l

    ----------------------------------------------------------------------
      5568        242        240          8          0       3980   Library Totals

    ----------------------------------------------------------------------

==============================================================================


      Code (inc. data)   RO Data    RW Data    ZI Data      Debug   

     35960       2234       3976        524       2012     482597   Grand Totals
     35960       2234       3976        108       2012     482597   ELF Image Totals (compressed)
     35960       2234       3976        108          0          0   ROM Totals

==============================================================================

    Total RO  Size (Code + RO Data)                39936 (  39.00kB)
    Total RW  Size (RW Data + ZI Data)              2536 (   2.48kB)
    Total ROM Size (Code + RO Data + RW Data)      40044 (  39.11kB)

==============================================================================

